Archive member included to satisfy reference by file (symbol)

c:/st/stm32cubeide_1.9.0/stm32cubeide/plugins/com.st.stm32cube.ide.mcu.externaltools.gnu-tools-for-stm32.10.3-2021.10.win32_1.0.0.202111181127/tools/bin/../lib/gcc/arm-none-eabi/10.3.1/../../../../arm-none-eabi/lib/thumb/v7-m/nofp\libc_nano.a(lib_a-errno.o)
                              ./Src/syscalls.o (__errno)
c:/st/stm32cubeide_1.9.0/stm32cubeide/plugins/com.st.stm32cube.ide.mcu.externaltools.gnu-tools-for-stm32.10.3-2021.10.win32_1.0.0.202111181127/tools/bin/../lib/gcc/arm-none-eabi/10.3.1/../../../../arm-none-eabi/lib/thumb/v7-m/nofp\libc_nano.a(lib_a-exit.o)
                              c:/st/stm32cubeide_1.9.0/stm32cubeide/plugins/com.st.stm32cube.ide.mcu.externaltools.gnu-tools-for-stm32.10.3-2021.10.win32_1.0.0.202111181127/tools/bin/../lib/gcc/arm-none-eabi/10.3.1/../../../../arm-none-eabi/lib/thumb/v7-m/nofp/crt0.o (exit)
c:/st/stm32cubeide_1.9.0/stm32cubeide/plugins/com.st.stm32cube.ide.mcu.externaltools.gnu-tools-for-stm32.10.3-2021.10.win32_1.0.0.202111181127/tools/bin/../lib/gcc/arm-none-eabi/10.3.1/../../../../arm-none-eabi/lib/thumb/v7-m/nofp\libc_nano.a(lib_a-impure.o)
                              c:/st/stm32cubeide_1.9.0/stm32cubeide/plugins/com.st.stm32cube.ide.mcu.externaltools.gnu-tools-for-stm32.10.3-2021.10.win32_1.0.0.202111181127/tools/bin/../lib/gcc/arm-none-eabi/10.3.1/../../../../arm-none-eabi/lib/thumb/v7-m/nofp\libc_nano.a(lib_a-exit.o) (_global_impure_ptr)
c:/st/stm32cubeide_1.9.0/stm32cubeide/plugins/com.st.stm32cube.ide.mcu.externaltools.gnu-tools-for-stm32.10.3-2021.10.win32_1.0.0.202111181127/tools/bin/../lib/gcc/arm-none-eabi/10.3.1/../../../../arm-none-eabi/lib/thumb/v7-m/nofp\libc_nano.a(lib_a-init.o)
                              c:/st/stm32cubeide_1.9.0/stm32cubeide/plugins/com.st.stm32cube.ide.mcu.externaltools.gnu-tools-for-stm32.10.3-2021.10.win32_1.0.0.202111181127/tools/bin/../lib/gcc/arm-none-eabi/10.3.1/../../../../arm-none-eabi/lib/thumb/v7-m/nofp/crt0.o (__libc_init_array)
c:/st/stm32cubeide_1.9.0/stm32cubeide/plugins/com.st.stm32cube.ide.mcu.externaltools.gnu-tools-for-stm32.10.3-2021.10.win32_1.0.0.202111181127/tools/bin/../lib/gcc/arm-none-eabi/10.3.1/../../../../arm-none-eabi/lib/thumb/v7-m/nofp\libc_nano.a(lib_a-memset.o)
                              c:/st/stm32cubeide_1.9.0/stm32cubeide/plugins/com.st.stm32cube.ide.mcu.externaltools.gnu-tools-for-stm32.10.3-2021.10.win32_1.0.0.202111181127/tools/bin/../lib/gcc/arm-none-eabi/10.3.1/../../../../arm-none-eabi/lib/thumb/v7-m/nofp/crt0.o (memset)
c:/st/stm32cubeide_1.9.0/stm32cubeide/plugins/com.st.stm32cube.ide.mcu.externaltools.gnu-tools-for-stm32.10.3-2021.10.win32_1.0.0.202111181127/tools/bin/../lib/gcc/arm-none-eabi/10.3.1/../../../../arm-none-eabi/lib/thumb/v7-m/nofp\libc_nano.a(lib_a-sprintf.o)
                              ./Src/main.o (sprintf)
c:/st/stm32cubeide_1.9.0/stm32cubeide/plugins/com.st.stm32cube.ide.mcu.externaltools.gnu-tools-for-stm32.10.3-2021.10.win32_1.0.0.202111181127/tools/bin/../lib/gcc/arm-none-eabi/10.3.1/../../../../arm-none-eabi/lib/thumb/v7-m/nofp\libc_nano.a(lib_a-nano-svfprintf.o)
                              c:/st/stm32cubeide_1.9.0/stm32cubeide/plugins/com.st.stm32cube.ide.mcu.externaltools.gnu-tools-for-stm32.10.3-2021.10.win32_1.0.0.202111181127/tools/bin/../lib/gcc/arm-none-eabi/10.3.1/../../../../arm-none-eabi/lib/thumb/v7-m/nofp\libc_nano.a(lib_a-sprintf.o) (_svfprintf_r)
c:/st/stm32cubeide_1.9.0/stm32cubeide/plugins/com.st.stm32cube.ide.mcu.externaltools.gnu-tools-for-stm32.10.3-2021.10.win32_1.0.0.202111181127/tools/bin/../lib/gcc/arm-none-eabi/10.3.1/../../../../arm-none-eabi/lib/thumb/v7-m/nofp\libc_nano.a(lib_a-nano-vfprintf_i.o)
                              c:/st/stm32cubeide_1.9.0/stm32cubeide/plugins/com.st.stm32cube.ide.mcu.externaltools.gnu-tools-for-stm32.10.3-2021.10.win32_1.0.0.202111181127/tools/bin/../lib/gcc/arm-none-eabi/10.3.1/../../../../arm-none-eabi/lib/thumb/v7-m/nofp\libc_nano.a(lib_a-nano-svfprintf.o) (_printf_i)
c:/st/stm32cubeide_1.9.0/stm32cubeide/plugins/com.st.stm32cube.ide.mcu.externaltools.gnu-tools-for-stm32.10.3-2021.10.win32_1.0.0.202111181127/tools/bin/../lib/gcc/arm-none-eabi/10.3.1/../../../../arm-none-eabi/lib/thumb/v7-m/nofp\libc_nano.a(lib_a-memchr-stub.o)
                              c:/st/stm32cubeide_1.9.0/stm32cubeide/plugins/com.st.stm32cube.ide.mcu.externaltools.gnu-tools-for-stm32.10.3-2021.10.win32_1.0.0.202111181127/tools/bin/../lib/gcc/arm-none-eabi/10.3.1/../../../../arm-none-eabi/lib/thumb/v7-m/nofp\libc_nano.a(lib_a-nano-svfprintf.o) (memchr)
c:/st/stm32cubeide_1.9.0/stm32cubeide/plugins/com.st.stm32cube.ide.mcu.externaltools.gnu-tools-for-stm32.10.3-2021.10.win32_1.0.0.202111181127/tools/bin/../lib/gcc/arm-none-eabi/10.3.1/../../../../arm-none-eabi/lib/thumb/v7-m/nofp\libc_nano.a(lib_a-memcpy-stub.o)
[...]
Memory Configuration

Name             Origin             Length             Attributes
RAM              0x0000000020000000 0x0000000000005000 xrw
FLASH            0x0000000008000000 0x0000000000010000 xr
*default*        0x0000000000000000 0xffffffffffffffff

Linker script and memory map

LOAD c:/st/stm32cubeide_1.9.0/stm32cubeide/plugins/com.st.stm32cube.ide.mcu.externaltools.gnu-tools-for-stm32.10.3-2021.10.win32_1.0.0.202111181127/tools/bin/../lib/gcc/arm-none-eabi/10.3.1/thumb/v7-m/nofp/crti.o
LOAD c:/st/stm32cubeide_1.9.0/stm32cubeide/plugins/com.st.stm32cube.ide.mcu.externaltools.gnu-tools-for-stm32.10.3-2021.10.win32_1.0.0.202111181127/tools/bin/../lib/gcc/arm-none-eabi/10.3.1/thumb/v7-m/nofp/crtbegin.o
LOAD c:/st/stm32cubeide_1.9.0/stm32cubeide/plugins/com.st.stm32cube.ide.mcu.externaltools.gnu-tools-for-stm32.10.3-2021.10.win32_1.0.0.202111181127/tools/bin/../lib/gcc/arm-none-eabi/10.3.1/../../../../arm-none-eabi/lib/thumb/v7-m/nofp/crt0.o
LOAD ./Drivers/Src/Clk.o
LOAD ./Drivers/Src/DMA.o
LOAD ./Drivers/Src/GPIO.o
LOAD ./Drivers/Src/I2C.o
LOAD ./Drivers/Src/PWM.o
LOAD ./Drivers/Src/System.o
LOAD ./Drivers/Src/Timer.o
LOAD ./Drivers/Src/UART.o
LOAD ./Drivers/Src/common.o
LOAD ./Src/main.o
LOAD ./Src/syscalls.o
LOAD ./Src/sysmem.o
LOAD ./Startup/startup_stm32f103c8tx.o
START GROUP
LOAD c:/st/stm32cubeide_1.9.0/stm32cubeide/plugins/com.st.stm32cube.ide.mcu.externaltools.gnu-tools-for-stm32.10.3-2021.10.win32_1.0.0.202111181127/tools/bin/../lib/gcc/arm-none-eabi/10.3.1/../../../../arm-none-eabi/lib/thumb/v7-m/nofp\libc_nano.a
LOAD c:/st/stm32cubeide_1.9.0/stm32cubeide/plugins/com.st.stm32cube.ide.mcu.externaltools.gnu-tools-for-stm32.10.3-2021.10.win32_1.0.0.202111181127/tools/bin/../lib/gcc/arm-none-eabi/10.3.1/../../../../arm-none-eabi/lib/thumb/v7-m/nofp\libm.a
END GROUP
START GROUP
LOAD c:/st/stm32cubeide_1.9.0/stm32cubeide/plugins/com.st.stm32cube.ide.mcu.externaltools.gnu-tools-for-stm32.10.3-2021.10.win32_1.0.0.202111181127/tools/bin/../lib/gcc/arm-none-eabi/10.3.1/thumb/v7-m/nofp\libgcc.a
LOAD c:/st/stm32cubeide_1.9.0/stm32cubeide/plugins/com.st.stm32cube.ide.mcu.externaltools.gnu-tools-for-stm32.10.3-2021.10.win32_1.0.0.202111181127/tools/bin/../lib/gcc/arm-none-eabi/10.3.1/../../../../arm-none-eabi/lib/thumb/v7-m/nofp\libc_nano.a
END GROUP
START GROUP
LOAD c:/st/stm32cubeide_1.9.0/stm32cubeide/plugins/com.st.stm32cube.ide.mcu.externaltools.gnu-tools-for-stm32.10.3-2021.10.win32_1.0.0.202111181127/tools/bin/../lib/gcc/arm-none-eabi/10.3.1/thumb/v7-m/nofp\libgcc.a
LOAD c:/st/stm32cubeide_1.9.0/stm32cubeide/plugins/com.st.stm32cube.ide.mcu.externaltools.gnu-tools-for-stm32.10.3-2021.10.win32_1.0.0.202111181127/tools/bin/../lib/gcc/arm-none-eabi/10.3.1/../../../../arm-none-eabi/lib/thumb/v7-m/nofp\libc_nano.a
LOAD c:/st/stm32cubeide_1.9.0/stm32cubeide/plugins/com.st.stm32cube.ide.mcu.externaltools.gnu-tools-for-stm32.10.3-2021.10.win32_1.0.0.202111181127/tools/bin/../lib/gcc/arm-none-eabi/10.3.1/../../../../arm-none-eabi/lib/thumb/v7-m/nofp\libnosys.a
END GROUP
START GROUP
LOAD c:/st/stm32cubeide_1.9.0/stm32cubeide/plugins/com.st.stm32cube.ide.mcu.externaltools.gnu-tools-for-stm32.10.3-2021.10.win32_1.0.0.202111181127/tools/bin/../lib/gcc/arm-none-eabi/10.3.1/thumb/v7-m/nofp\libgcc.a
LOAD c:/st/stm32cubeide_1.9.0/stm32cubeide/plugins/com.st.stm32cube.ide.mcu.externaltools.gnu-tools-for-stm32.10.3-2021.10.win32_1.0.0.202111181127/tools/bin/../lib/gcc/arm-none-eabi/10.3.1/../../../../arm-none-eabi/lib/thumb/v7-m/nofp\libc_nano.a
LOAD c:/st/stm32cubeide_1.9.0/stm32cubeide/plugins/com.st.stm32cube.ide.mcu.externaltools.gnu-tools-for-stm32.10.3-2021.10.win32_1.0.0.202111181127/tools/bin/../lib/gcc/arm-none-eabi/10.3.1/../../../../arm-none-eabi/lib/thumb/v7-m/nofp\libnosys.a
END GROUP
LOAD c:/st/stm32cubeide_1.9.0/stm32cubeide/plugins/com.st.stm32cube.ide.mcu.externaltools.gnu-tools-for-stm32.10.3-2021.10.win32_1.0.0.202111181127/tools/bin/../lib/gcc/arm-none-eabi/10.3.1/thumb/v7-m/nofp/crtend.o
LOAD c:/st/stm32cubeide_1.9.0/stm32cubeide/plugins/com.st.stm32cube.ide.mcu.externaltools.gnu-tools-for-stm32.10.3-2021.10.win32_1.0.0.202111181127/tools/bin/../lib/gcc/arm-none-eabi/10.3.1/thumb/v7-m/nofp/crtn.o
                0x0000000020005000                _estack = (ORIGIN (RAM) + LENGTH (RAM))
                0x0000000000000200                _Min_Heap_Size = 0x200
                0x0000000000000400                _Min_Stack_Size = 0x400

.isr_vector     0x0000000008000000      0x130
                0x0000000008000000                . = ALIGN (0x4)
 *(.isr_vector)
 .isr_vector    0x0000000008000000      0x130 ./Startup/startup_stm32f103c8tx.o
                0x0000000008000000                g_pfnVectors
                0x0000000008000130                . = ALIGN (0x4)

.text           0x0000000008000130     0x2848
                0x0000000008000130                . = ALIGN (0x4)
 *(.text)
 .text          0x0000000008000130       0x40 c:/st/stm32cubeide_1.9.0/stm32cubeide/plugins/com.st.stm32cube.ide.mcu.externaltools.gnu-tools-for-stm32.10.3-2021.10.win32_1.0.0.202111181127/tools/bin/../lib/gcc/arm-none-eabi/10.3.1/thumb/v7-m/nofp/crtbegin.o
 .text          0x0000000008000170      0x168 c:/st/stm32cubeide_1.9.0/stm32cubeide/plugins/com.st.stm32cube.ide.mcu.externaltools.gnu-tools-for-stm32.10.3-2021.10.win32_1.0.0.202111181127/tools/bin/../lib/gcc/arm-none-eabi/10.3.1/thumb/v7-m/nofp\libgcc.a(_arm_mulsf3.o)
                0x0000000008000170                __aeabi_fmul
                0x0000000008000170                __mulsf3
 .text          0x00000000080002d8      0x378 c:/st/stm32cubeide_1.9.0/stm32cubeide/plugins/com.st.stm32cube.ide.mcu.externaltools.gnu-tools-for-stm32.10.3-2021.10.win32_1.0.0.202111181127/tools/bin/../lib/gcc/arm-none-eabi/10.3.1/thumb/v7-m/nofp\libgcc.a(_arm_addsubdf3.o)
                0x00000000080002d8                __aeabi_drsub
                0x00000000080002e0                __aeabi_dsub
                0x00000000080002e0                __subdf3
                0x00000000080002e4                __aeabi_dadd
                0x00000000080002e4                __adddf3
                0x000000000800055c                __floatunsidf
                0x000000000800055c                __aeabi_ui2d
                0x000000000800057c                __floatsidf
                0x000000000800057c                __aeabi_i2d
                0x00000000080005a0                __aeabi_f2d
                0x00000000080005a0                __extendsfdf2
                0x00000000080005e4                __floatundidf
                0x00000000080005e4                __aeabi_ul2d
                0x00000000080005f4                __floatdidf
                0x00000000080005f4                __aeabi_l2d
 .text          0x0000000008000650      0x424 c:/st/stm32cubeide_1.9.0/stm32cubeide/plugins/com.st.stm32cube.ide.mcu.externaltools.gnu-tools-for-stm32.10.3-2021.10.win32_1.0.0.202111181127/tools/bin/../lib/gcc/arm-none-eabi/10.3.1/thumb/v7-m/nofp\libgcc.a(_arm_muldivdf3.o)
                0x0000000008000650                __aeabi_dmul
                0x0000000008000650                __muldf3
                0x00000000080008a4                __divdf3
                0x00000000080008a4                __aeabi_ddiv
 .text          0x0000000008000a74       0xa0 c:/st/stm32cubeide_1.9.0/stm32cubeide/plugins/com.st.stm32cube.ide.mcu.externaltools.gnu-tools-for-stm32.10.3-2021.10.win32_1.0.0.202111181127/tools/bin/../lib/gcc/arm-none-eabi/10.3.1/thumb/v7-m/nofp\libgcc.a(_arm_truncdfsf2.o)
                0x0000000008000a74                __truncdfsf2
                0x0000000008000a74                __aeabi_d2f
 .text          0x0000000008000b14      0x21c c:/st/stm32cubeide_1.9.0/stm32cubeide/plugins/com.st.stm32cube.ide.mcu.externaltools.gnu-tools-for-stm32.10.3-2021.10.win32_1.0.0.202111181127/tools/bin/../lib/gcc/arm-none-eabi/10.3.1/thumb/v7-m/nofp\libgcc.a(_arm_addsubsf3.o)
                0x0000000008000b14                __aeabi_frsub
                0x0000000008000b1c                __subsf3
                0x0000000008000b1c                __aeabi_fsub
                0x0000000008000b20                __aeabi_fadd
                0x0000000008000b20                __addsf3
                0x0000000008000c80                __aeabi_ui2f
                0x0000000008000c80                __floatunsisf
                0x0000000008000c88                __aeabi_i2f
                0x0000000008000c88                __floatsisf
                0x0000000008000ca4                __aeabi_ul2f
                0x0000000008000ca4                __floatundisf
                0x0000000008000cb4                __aeabi_l2f
                0x0000000008000cb4                __floatdisf
 .text          0x0000000008000d30       0xec c:/st/stm32cubeide_1.9.0/stm32cubeide/plugins/com.st.stm32cube.ide.mcu.externaltools.gnu-tools-for-stm32.10.3-2021.10.win32_1.0.0.202111181127/tools/bin/../lib/gcc/arm-none-eabi/10.3.1/thumb/v7-m/nofp\libgcc.a(_arm_cmpsf2.o)
                0x0000000008000d30                __gesf2
                0x0000000008000d30                __gtsf2
                0x0000000008000d38                __lesf2
                0x0000000008000d38                __ltsf2
                0x0000000008000d40                __nesf2
                0x0000000008000d40                __eqsf2
                0x0000000008000d40                __cmpsf2
                0x0000000008000da0                __aeabi_cfrcmple
                0x0000000008000da8                __aeabi_cfcmpeq
                0x0000000008000da8                __aeabi_cfcmple
                0x0000000008000db8                __aeabi_fcmpeq
                0x0000000008000dcc                __aeabi_fcmplt
                0x0000000008000de0                __aeabi_fcmple
                0x0000000008000df4                __aeabi_fcmpge
                0x0000000008000e08                __aeabi_fcmpgt
 .text          0x0000000008000e1c       0x4c c:/st/stm32cubeide_1.9.0/stm32cubeide/plugins/com.st.stm32cube.ide.mcu.externaltools.gnu-tools-for-stm32.10.3-2021.10.win32_1.0.0.202111181127/tools/bin/../lib/gcc/arm-none-eabi/10.3.1/thumb/v7-m/nofp\libgcc.a(_arm_fixsfsi.o)
                0x0000000008000e1c                __aeabi_f2iz
                0x0000000008000e1c                __fixsfsi
 .text          0x0000000008000e68       0x40 c:/st/stm32cubeide_1.9.0/stm32cubeide/plugins/com.st.stm32cube.ide.mcu.externaltools.gnu-tools-for-stm32.10.3-2021.10.win32_1.0.0.202111181127/tools/bin/../lib/gcc/arm-none-eabi/10.3.1/thumb/v7-m/nofp\libgcc.a(_arm_fixunssfsi.o)
                0x0000000008000e68                __fixunssfsi
                0x0000000008000e68                __aeabi_f2uiz
 *(.text*)
 .text.clock_Init
                0x0000000008000ea8       0x60 ./Drivers/Src/Clk.o
                0x0000000008000ea8                clock_Init
 .text.system_clock_set
                0x0000000008000f08       0xd4 ./Drivers/Src/Clk.o
                0x0000000008000f08                system_clock_set
 .text.pll_clk_config
                0x0000000008000fdc       0x54 ./Drivers/Src/Clk.o
                0x0000000008000fdc                pll_clk_config
 .text.ahb_clk_set
                0x0000000008001030       0x34 ./Drivers/Src/Clk.o
                0x0000000008001030                ahb_clk_set
 .text.apb1_clk_set
                0x0000000008001064       0x34 ./Drivers/Src/Clk.o
                0x0000000008001064                apb1_clk_set
 .text.apb2_clk_set
                0x0000000008001098       0x34 ./Drivers/Src/Clk.o
                0x0000000008001098                apb2_clk_set
 .text.apb2_peripheral_clock_en
                0x00000000080010cc       0x24 ./Drivers/Src/Clk.o
                0x00000000080010cc                apb2_peripheral_clock_en
 .text.apb1_peripheral_clock_en
                0x00000000080010f0       0x24 ./Drivers/Src/Clk.o
                0x00000000080010f0                apb1_peripheral_clock_en
 .text.apb_get_clock
                0x0000000008001114       0xf4 ./Drivers/Src/Clk.o
                0x0000000008001114                apb_get_clock
 .text.get_pll_clock
                0x0000000008001208       0x84 ./Drivers/Src/Clk.o
                0x0000000008001208                get_pll_clock
 .text.io_port  0x000000000800128c       0x20 ./Drivers/Src/GPIO.o
 .text.io_pin_bit
                0x00000000080012ac       0x1c ./Drivers/Src/GPIO.o
 .text.io_init  0x00000000080012c8       0x38 ./Drivers/Src/GPIO.o
                0x00000000080012c8                io_init
 .text.io_config
                0x0000000008001300       0x24 ./Drivers/Src/GPIO.o
                0x0000000008001300                io_config
 .text.io_set_io_mode
                0x0000000008001324       0xd4 ./Drivers/Src/GPIO.o
                0x0000000008001324                io_set_io_mode
 .text.io_set_out
                0x00000000080013f8       0x74 ./Drivers/Src/GPIO.o
                0x00000000080013f8                io_set_out
 .text.io_get_in
                0x000000000800146c       0x44 ./Drivers/Src/GPIO.o
                0x000000000800146c                io_get_in
 .text.EXTI4_IRQHandler
                0x00000000080014b0       0x50 ./Drivers/Src/GPIO.o
                0x00000000080014b0                EXTI4_IRQHandler
 .text.I2C_Init
                0x0000000008001500       0x80 ./Drivers/Src/I2C.o
                0x0000000008001500                I2C_Init
 .text.nvic_en_irq
                0x0000000008001580       0x38 ./Drivers/Src/System.o
                0x0000000008001580                nvic_en_irq
 .text.uart_x_configure_parameter
                0x00000000080015b8       0x50 ./Drivers/Src/UART.o
                0x00000000080015b8                uart_x_configure_parameter
 .text.usart_init
                0x0000000008001608       0x5c ./Drivers/Src/UART.o
                0x0000000008001608                usart_init
 .text.usart_set_baudrate
                0x0000000008001664       0xc4 ./Drivers/Src/UART.o
                0x0000000008001664                usart_set_baudrate
 .text.usart_write_polling
                0x0000000008001728       0xc0 ./Drivers/Src/UART.o
                0x0000000008001728                usart_write_polling
 .text.usart_en
                0x00000000080017e8       0x1e ./Drivers/Src/UART.o
                0x00000000080017e8                usart_en
 .text.config_stop_bit
                0x0000000008001806       0x30 ./Drivers/Src/UART.o
                0x0000000008001806                config_stop_bit
 .text.config_data_word_len
                0x0000000008001836       0x24 ./Drivers/Src/UART.o
                0x0000000008001836                config_data_word_len
 .text.config_parity
                0x000000000800185a       0x3c ./Drivers/Src/UART.o
                0x000000000800185a                config_parity
 .text.get_flag_status
                0x0000000008001896       0x28 ./Drivers/Src/UART.o
                0x0000000008001896                get_flag_status
 .text.usart_interrupt_based_transmit
                0x00000000080018be       0x24 ./Drivers/Src/UART.o
                0x00000000080018be                usart_interrupt_based_transmit
 .text.usart_write_interrupt
                0x00000000080018e2       0x22 ./Drivers/Src/UART.o
                0x00000000080018e2                usart_write_interrupt
 .text.usart_interrupt_handling
                0x0000000008001904      0x278 ./Drivers/Src/UART.o
                0x0000000008001904                usart_interrupt_handling
 .text.usart_tx_en
                0x0000000008001b7c       0x1e ./Drivers/Src/UART.o
                0x0000000008001b7c                usart_tx_en
 .text.usart_tx_di
                0x0000000008001b9a       0x1e ./Drivers/Src/UART.o
                0x0000000008001b9a                usart_tx_di
 .text.MCU_Init
                0x0000000008001bb8       0x20 ./Drivers/Src/common.o
                0x0000000008001bb8                MCU_Init
 .text.round_off
                0x0000000008001bd8       0x66 ./Drivers/Src/common.o
                0x0000000008001bd8                round_off
 *fill*         0x0000000008001c3e        0x2 
 .text.main     0x0000000008001c40      0x270 ./Src/main.o
                0x0000000008001c40                main
 .text.USART2_IRQHandler
                0x0000000008001eb0       0x14 ./Src/main.o
                0x0000000008001eb0                USART2_IRQHandler
 .text.I2C2_EV_IRQHandler
                0x0000000008001ec4       0x94 ./Src/main.o
                0x0000000008001ec4                I2C2_EV_IRQHandler
 .text._sbrk    0x0000000008001f58       0x6c ./Src/sysmem.o
                0x0000000008001f58                _sbrk
 .text.Reset_Handler
                0x0000000008001fc4       0x50 ./Startup/startup_stm32f103c8tx.o
                0x0000000008001fc4                Reset_Handler
 .text.Default_Handler
                0x0000000008002014        0x2 ./Startup/startup_stm32f103c8tx.o
                0x0000000008002014                EXTI2_IRQHandler
                0x0000000008002014                TIM8_TRG_COM_IRQHandler
                0x0000000008002014                TIM8_CC_IRQHandler
                0x0000000008002014                DebugMon_Handler
                0x0000000008002014                TIM1_CC_IRQHandler
                0x0000000008002014                HardFault_Handler
                0x0000000008002014                TIM6_IRQHandler
                0x0000000008002014                SysTick_Handler
                0x0000000008002014                PVD_IRQHandler
                0x0000000008002014                SDIO_IRQHandler
                0x0000000008002014                PendSV_Handler
                0x0000000008002014                NMI_Handler
                0x0000000008002014                EXTI3_IRQHandler
                0x0000000008002014                USB_HP_CAN_TX_IRQHandler
                0x0000000008002014                EXTI0_IRQHandler
                0x0000000008002014                UsageFault_Handler
                0x0000000008002014                ADC1_2_IRQHandler
                0x0000000008002014                SPI1_IRQHandler
                0x0000000008002014                CAN_SCE_IRQHandler
                0x0000000008002014                TAMPER_IRQHandler
                0x0000000008002014                TIM8_UP_IRQHandler
                0x0000000008002014                DMA2_Channel2_IRQHandler
                0x0000000008002014                DMA1_Channel4_IRQHandler
                0x0000000008002014                USART3_IRQHandler
                0x0000000008002014                RTC_IRQHandler
                0x0000000008002014                DMA1_Channel7_IRQHandler
                0x0000000008002014                UART5_IRQHandler
                0x0000000008002014                ADC3_IRQHandler
                0x0000000008002014                TIM4_IRQHandler
                0x0000000008002014                CAN_RX1_IRQHandler
                0x0000000008002014                DMA2_Channel1_IRQHandler
                0x0000000008002014                I2C1_EV_IRQHandler
                0x0000000008002014                DMA1_Channel6_IRQHandler
                0x0000000008002014                UART4_IRQHandler
                0x0000000008002014                TIM3_IRQHandler
                0x0000000008002014                RCC_IRQHandler
                0x0000000008002014                TIM1_TRG_COM_IRQHandler
                0x0000000008002014                DMA1_Channel1_IRQHandler
                0x0000000008002014                Default_Handler
                0x0000000008002014                EXTI15_10_IRQHandler
                0x0000000008002014                TIM7_IRQHandler
                0x0000000008002014                TIM5_IRQHandler
                0x0000000008002014                EXTI9_5_IRQHandler
                0x0000000008002014                SPI2_IRQHandler
                0x0000000008002014                USB_LP_CAN_RX0_IRQHandler
                0x0000000008002014                MemManage_Handler
                0x0000000008002014                SVC_Handler
                0x0000000008002014                DMA1_Channel5_IRQHandler
                0x0000000008002014                DMA1_Channel3_IRQHandler
                0x0000000008002014                FSMC_IRQHandler
                0x0000000008002014                TIM1_UP_IRQHandler
                0x0000000008002014                WWDG_IRQHandler
                0x0000000008002014                TIM2_IRQHandler
                0x0000000008002014                TIM1_BRK_IRQHandler
                0x0000000008002014                EXTI1_IRQHandler
                0x0000000008002014                RTCAlarm_IRQHandler
                0x0000000008002014                DMA2_Channel4_5_IRQHandler
                0x0000000008002014                I2C2_ER_IRQHandler
                0x0000000008002014                DMA1_Channel2_IRQHandler
                0x0000000008002014                TIM8_BRK_IRQHandler
                0x0000000008002014                FLASH_IRQHandler
                0x0000000008002014                BusFault_Handler
                0x0000000008002014                USART1_IRQHandler
                0x0000000008002014                SPI3_IRQHandler
                0x0000000008002014                I2C1_ER_IRQHandler
                0x0000000008002014                DMA2_Channel3_IRQHandler
 *fill*         0x0000000008002016        0x2 
 .text.__errno  0x0000000008002018        0xc c:/st/stm32cubeide_1.9.0/stm32cubeide/plugins/com.st.stm32cube.ide.mcu.externaltools.gnu-tools-for-stm32.10.3-2021.10.win32_1.0.0.202111181127/tools/bin/../lib/gcc/arm-none-eabi/10.3.1/../../../../arm-none-eabi/lib/thumb/v7-m/nofp\libc_nano.a(lib_a-errno.o)
                0x0000000008002018                __errno
 .text.__libc_init_array
                0x0000000008002024       0x48 c:/st/stm32cubeide_1.9.0/stm32cubeide/plugins/com.st.stm32cube.ide.mcu.externaltools.gnu-tools-for-stm32.10.3-2021.10.win32_1.0.0.202111181127/tools/bin/../lib/gcc/arm-none-eabi/10.3.1/../../../../arm-none-eabi/lib/thumb/v7-m/nofp\libc_nano.a(lib_a-init.o)
                0x0000000008002024                __libc_init_array
 .text.sprintf  0x000000000800206c       0x40 c:/st/stm32cubeide_1.9.0/stm32cubeide/plugins/com.st.stm32cube.ide.mcu.externaltools.gnu-tools-for-stm32.10.3-2021.10.win32_1.0.0.202111181127/tools/bin/../lib/gcc/arm-none-eabi/10.3.1/../../../../arm-none-eabi/lib/thumb/v7-m/nofp\libc_nano.a(lib_a-sprintf.o)
                0x000000000800206c                siprintf
                0x000000000800206c                sprintf
 .text.__ssputs_r
                0x00000000080020ac       0xb6 c:/st/stm32cubeide_1.9.0/stm32cubeide/plugins/com.st.stm32cube.ide.mcu.externaltools.gnu-tools-for-stm32.10.3-2021.10.win32_1.0.0.202111181127/tools/bin/../lib/gcc/arm-none-eabi/10.3.1/../../../../arm-none-eabi/lib/thumb/v7-m/nofp\libc_nano.a(lib_a-nano-svfprintf.o)
                0x00000000080020ac                __ssputs_r
 *fill*         0x0000000008002162        0x2 
 .text._svfprintf_r
                0x0000000008002164      0x200 c:/st/stm32cubeide_1.9.0/stm32cubeide/plugins/com.st.stm32cube.ide.mcu.externaltools.gnu-tools-for-stm32.10.3-2021.10.win32_1.0.0.202111181127/tools/bin/../lib/gcc/arm-none-eabi/10.3.1/../../../../arm-none-eabi/lib/thumb/v7-m/nofp\libc_nano.a(lib_a-nano-svfprintf.o)
                0x0000000008002164                _svfiprintf_r
                0x0000000008002164                _svfprintf_r
 .text._printf_common
                0x0000000008002364       0xde c:/st/stm32cubeide_1.9.0/stm32cubeide/plugins/com.st.stm32cube.ide.mcu.externaltools.gnu-tools-for-stm32.10.3-2021.10.win32_1.0.0.202111181127/tools/bin/../lib/gcc/arm-none-eabi/10.3.1/../../../../arm-none-eabi/lib/thumb/v7-m/nofp\libc_nano.a(lib_a-nano-vfprintf_i.o)
                0x0000000008002364                _printf_common
 *fill*         0x0000000008002442        0x2 
 .text._printf_i
                0x0000000008002444      0x24c c:/st/stm32cubeide_1.9.0/stm32cubeide/plugins/com.st.stm32cube.ide.mcu.externaltools.gnu-tools-for-stm32.10.3-2021.10.win32_1.0.0.202111181127/tools/bin/../lib/gcc/arm-none-eabi/10.3.1/../../../../arm-none-eabi/lib/thumb/v7-m/nofp\libc_nano.a(lib_a-nano-vfprintf_i.o)
                0x0000000008002444                _printf_i
 .text.memchr   0x0000000008002690       0x1c c:/st/stm32cubeide_1.9.0/stm32cubeide/plugins/com.st.stm32cube.ide.mcu.externaltools.gnu-tools-for-stm32.10.3-2021.10.win32_1.0.0.202111181127/tools/bin/../lib/gcc/arm-none-eabi/10.3.1/../../../../arm-none-eabi/lib/thumb/v7-m/nofp\libc_nano.a(lib_a-memchr-stub.o)
                0x0000000008002690                memchr
 .text.memcpy   0x00000000080026ac       0x1c c:/st/stm32cubeide_1.9.0/stm32cubeide/plugins/com.st.stm32cube.ide.mcu.externaltools.gnu-tools-for-stm32.10.3-2021.10.win32_1.0.0.202111181127/tools/bin/../lib/gcc/arm-none-eabi/10.3.1/../../../../arm-none-eabi/lib/thumb/v7-m/nofp\libc_nano.a(lib_a-memcpy-stub.o)
                0x00000000080026ac                memcpy
 .text.memmove  0x00000000080026c8       0x34 c:/st/stm32cubeide_1.9.0/stm32cubeide/plugins/com.st.stm32cube.ide.mcu.externaltools.gnu-tools-for-stm32.10.3-2021.10.win32_1.0.0.202111181127/tools/bin/../lib/gcc/arm-none-eabi/10.3.1/../../../../arm-none-eabi/lib/thumb/v7-m/nofp\libc_nano.a(lib_a-memmove.o)
                0x00000000080026c8                memmove
 .text._free_r  0x00000000080026fc       0x90 c:/st/stm32cubeide_1.9.0/stm32cubeide/plugins/com.st.stm32cube.ide.mcu.externaltools.gnu-tools-for-stm32.10.3-2021.10.win32_1.0.0.202111181127/tools/bin/../lib/gcc/arm-none-eabi/10.3.1/../../../../arm-none-eabi/lib/thumb/v7-m/nofp\libc_nano.a(lib_a-nano-freer.o)
                0x00000000080026fc                _free_r
 .text.sbrk_aligned
                0x000000000800278c       0x40 c:/st/stm32cubeide_1.9.0/stm32cubeide/plugins/com.st.stm32cube.ide.mcu.externaltools.gnu-tools-for-stm32.10.3-2021.10.win32_1.0.0.202111181127/tools/bin/../lib/gcc/arm-none-eabi/10.3.1/../../../../arm-none-eabi/lib/thumb/v7-m/nofp\libc_nano.a(lib_a-nano-mallocr.o)
 .text._malloc_r
                0x00000000080027cc       0xe8 c:/st/stm32cubeide_1.9.0/stm32cubeide/plugins/com.st.stm32cube.ide.mcu.externaltools.gnu-tools-for-stm32.10.3-2021.10.win32_1.0.0.202111181127/tools/bin/../lib/gcc/arm-none-eabi/10.3.1/../../../../arm-none-eabi/lib/thumb/v7-m/nofp\libc_nano.a(lib_a-nano-mallocr.o)
                0x00000000080027cc                _malloc_r
 .text._realloc_r
                0x00000000080028b4       0x5e c:/st/stm32cubeide_1.9.0/stm32cubeide/plugins/com.st.stm32cube.ide.mcu.externaltools.gnu-tools-for-stm32.10.3-2021.10.win32_1.0.0.202111181127/tools/bin/../lib/gcc/arm-none-eabi/10.3.1/../../../../arm-none-eabi/lib/thumb/v7-m/nofp\libc_nano.a(lib_a-nano-reallocr.o)
                0x00000000080028b4                _realloc_r
 *fill*         0x0000000008002912        0x2 
 .text._sbrk_r  0x0000000008002914       0x20 c:/st/stm32cubeide_1.9.0/stm32cubeide/plugins/com.st.stm32cube.ide.mcu.externaltools.gnu-tools-for-stm32.10.3-2021.10.win32_1.0.0.202111181127/tools/bin/../lib/gcc/arm-none-eabi/10.3.1/../../../../arm-none-eabi/lib/thumb/v7-m/nofp\libc_nano.a(lib_a-sbrkr.o)
                0x0000000008002914                _sbrk_r
 .text.__malloc_lock
                0x0000000008002934        0xc c:/st/stm32cubeide_1.9.0/stm32cubeide/plugins/com.st.stm32cube.ide.mcu.externaltools.gnu-tools-for-stm32.10.3-2021.10.win32_1.0.0.202111181127/tools/bin/../lib/gcc/arm-none-eabi/10.3.1/../../../../arm-none-eabi/lib/thumb/v7-m/nofp\libc_nano.a(lib_a-mlock.o)
                0x0000000008002934                __malloc_lock
 .text.__malloc_unlock
                0x0000000008002940        0xc c:/st/stm32cubeide_1.9.0/stm32cubeide/plugins/com.st.stm32cube.ide.mcu.externaltools.gnu-tools-for-stm32.10.3-2021.10.win32_1.0.0.202111181127/tools/bin/../lib/gcc/arm-none-eabi/10.3.1/../../../../arm-none-eabi/lib/thumb/v7-m/nofp\libc_nano.a(lib_a-mlock.o)
                0x0000000008002940                __malloc_unlock
 .text._malloc_usable_size_r
                0x000000000800294c       0x10 c:/st/stm32cubeide_1.9.0/stm32cubeide/plugins/com.st.stm32cube.ide.mcu.externaltools.gnu-tools-for-stm32.10.3-2021.10.win32_1.0.0.202111181127/tools/bin/../lib/gcc/arm-none-eabi/10.3.1/../../../../arm-none-eabi/lib/thumb/v7-m/nofp\libc_nano.a(lib_a-nano-msizer.o)
                0x000000000800294c                _malloc_usable_size_r
 .text.__retarget_lock_acquire_recursive
                0x000000000800295c        0x2 c:/st/stm32cubeide_1.9.0/stm32cubeide/plugins/com.st.stm32cube.ide.mcu.externaltools.gnu-tools-for-stm32.10.3-2021.10.win32_1.0.0.202111181127/tools/bin/../lib/gcc/arm-none-eabi/10.3.1/../../../../arm-none-eabi/lib/thumb/v7-m/nofp\libc_nano.a(lib_a-lock.o)
                0x000000000800295c                __retarget_lock_acquire_recursive
 .text.__retarget_lock_release_recursive
                0x000000000800295e        0x2 c:/st/stm32cubeide_1.9.0/stm32cubeide/plugins/com.st.stm32cube.ide.mcu.externaltools.gnu-tools-for-stm32.10.3-2021.10.win32_1.0.0.202111181127/tools/bin/../lib/gcc/arm-none-eabi/10.3.1/../../../../arm-none-eabi/lib/thumb/v7-m/nofp\libc_nano.a(lib_a-lock.o)
                0x000000000800295e                __retarget_lock_release_recursive
 *(.glue_7)
 .glue_7        0x0000000008002960        0x0 linker stubs
 *(.glue_7t)
 .glue_7t       0x0000000008002960        0x0 linker stubs
 *(.eh_frame)
 .eh_frame      0x0000000008002960        0x0 c:/st/stm32cubeide_1.9.0/stm32cubeide/plugins/com.st.stm32cube.ide.mcu.externaltools.gnu-tools-for-stm32.10.3-2021.10.win32_1.0.0.202111181127/tools/bin/../lib/gcc/arm-none-eabi/10.3.1/thumb/v7-m/nofp/crtbegin.o
 *(.init)
 .init          0x0000000008002960        0x4 c:/st/stm32cubeide_1.9.0/stm32cubeide/plugins/com.st.stm32cube.ide.mcu.externaltools.gnu-tools-for-stm32.10.3-2021.10.win32_1.0.0.202111181127/tools/bin/../lib/gcc/arm-none-eabi/10.3.1/thumb/v7-m/nofp/crti.o
                0x0000000008002960                _init
 .init          0x0000000008002964        0x8 c:/st/stm32cubeide_1.9.0/stm32cubeide/plugins/com.st.stm32cube.ide.mcu.externaltools.gnu-tools-for-stm32.10.3-2021.10.win32_1.0.0.202111181127/tools/bin/../lib/gcc/arm-none-eabi/10.3.1/thumb/v7-m/nofp/crtn.o
 *(.fini)
 .fini          0x000000000800296c        0x4 c:/st/stm32cubeide_1.9.0/stm32cubeide/plugins/com.st.stm32cube.ide.mcu.externaltools.gnu-tools-for-stm32.10.3-2021.10.win32_1.0.0.202111181127/tools/bin/../lib/gcc/arm-none-eabi/10.3.1/thumb/v7-m/nofp/crti.o
                0x000000000800296c                _fini
 .fini          0x0000000008002970        0x8 c:/st/stm32cubeide_1.9.0/stm32cubeide/plugins/com.st.stm32cube.ide.mcu.externaltools.gnu-tools-for-stm32.10.3-2021.10.win32_1.0.0.202111181127/tools/bin/../lib/gcc/arm-none-eabi/10.3.1/thumb/v7-m/nofp/crtn.o
                0x0000000008002978                . = ALIGN (0x4)
                0x0000000008002978                _etext = .

.vfp11_veneer   0x0000000008002978        0x0
 .vfp11_veneer  0x0000000008002978        0x0 linker stubs

.v4_bx          0x0000000008002978        0x0
 .v4_bx         0x0000000008002978        0x0 linker stubs

.iplt           0x0000000008002978        0x0
 .iplt          0x0000000008002978        0x0 c:/st/stm32cubeide_1.9.0/stm32cubeide/plugins/com.st.stm32cube.ide.mcu.externaltools.gnu-tools-for-stm32.10.3-2021.10.win32_1.0.0.202111181127/tools/bin/../lib/gcc/arm-none-eabi/10.3.1/thumb/v7-m/nofp/crtbegin.o

.rodata         0x0000000008002978      0x180
                0x0000000008002978                . = ALIGN (0x4)
 *(.rodata)
 .rodata        0x0000000008002978      0x14c ./Src/main.o
 *(.rodata*)
 .rodata._svfprintf_r.str1.1
                0x0000000008002ac4       0x11 c:/st/stm32cubeide_1.9.0/stm32cubeide/plugins/com.st.stm32cube.ide.mcu.externaltools.gnu-tools-for-stm32.10.3-2021.10.win32_1.0.0.202111181127/tools/bin/../lib/gcc/arm-none-eabi/10.3.1/../../../../arm-none-eabi/lib/thumb/v7-m/nofp\libc_nano.a(lib_a-nano-svfprintf.o)
 .rodata._printf_i.str1.1
                0x0000000008002ad5       0x22 c:/st/stm32cubeide_1.9.0/stm32cubeide/plugins/com.st.stm32cube.ide.mcu.externaltools.gnu-tools-for-stm32.10.3-2021.10.win32_1.0.0.202111181127/tools/bin/../lib/gcc/arm-none-eabi/10.3.1/../../../../arm-none-eabi/lib/thumb/v7-m/nofp\libc_nano.a(lib_a-nano-vfprintf_i.o)
                0x0000000008002af8                . = ALIGN (0x4)
 *fill*         0x0000000008002af7        0x1 

.rel.dyn        0x0000000008002af8        0x0
 .rel.iplt      0x0000000008002af8        0x0 c:/st/stm32cubeide_1.9.0/stm32cubeide/plugins/com.st.stm32cube.ide.mcu.externaltools.gnu-tools-for-stm32.10.3-2021.10.win32_1.0.0.202111181127/tools/bin/../lib/gcc/arm-none-eabi/10.3.1/thumb/v7-m/nofp/crtbegin.o

.ARM.extab      0x0000000008002af8        0x0
                0x0000000008002af8                . = ALIGN (0x4)
 *(.ARM.extab* .gnu.linkonce.armextab.*)
                0x0000000008002af8                . = ALIGN (0x4)

.ARM            0x0000000008002af8        0x0
                0x0000000008002af8                . = ALIGN (0x4)
                0x0000000008002af8                __exidx_start = .
 *(.ARM.exidx*)
                0x0000000008002af8                __exidx_end = .
                0x0000000008002af8                . = ALIGN (0x4)

.preinit_array  0x0000000008002af8        0x0
                0x0000000008002af8                . = ALIGN (0x4)
                0x0000000008002af8                PROVIDE (__preinit_array_start = .)
 *(.preinit_array*)
                0x0000000008002af8                PROVIDE (__preinit_array_end = .)
                0x0000000008002af8                . = ALIGN (0x4)

.init_array     0x0000000008002af8        0x4
                0x0000000008002af8                . = ALIGN (0x4)
                0x0000000008002af8                PROVIDE (__init_array_start = .)
 *(SORT_BY_NAME(.init_array.*))
 *(.init_array*)
 .init_array    0x0000000008002af8        0x4 c:/st/stm32cubeide_1.9.0/stm32cubeide/plugins/com.st.stm32cube.ide.mcu.externaltools.gnu-tools-for-stm32.10.3-2021.10.win32_1.0.0.202111181127/tools/bin/../lib/gcc/arm-none-eabi/10.3.1/thumb/v7-m/nofp/crtbegin.o
                0x0000000008002afc                PROVIDE (__init_array_end = .)
                0x0000000008002afc                . = ALIGN (0x4)

.fini_array     0x0000000008002afc        0x4
                0x0000000008002afc                . = ALIGN (0x4)
                [!provide]                        PROVIDE (__fini_array_start = .)
 *(SORT_BY_NAME(.fini_array.*))
 *(.fini_array*)
 .fini_array    0x0000000008002afc        0x4 c:/st/stm32cubeide_1.9.0/stm32cubeide/plugins/com.st.stm32cube.ide.mcu.externaltools.gnu-tools-for-stm32.10.3-2021.10.win32_1.0.0.202111181127/tools/bin/../lib/gcc/arm-none-eabi/10.3.1/thumb/v7-m/nofp/crtbegin.o
                [!provide]                        PROVIDE (__fini_array_end = .)
                0x0000000008002b00                . = ALIGN (0x4)
                0x0000000008002b00                _sidata = LOADADDR (.data)

.data           0x0000000020000000       0xf8 load address 0x0000000008002b00
                0x0000000020000000                . = ALIGN (0x4)
                0x0000000020000000                _sdata = .
 *(.data)
 *(.data*)
 .data.clock_setting
                0x0000000020000000        0x6 ./Drivers/Src/Clk.o
                0x0000000020000000                clock_setting
 *fill*         0x0000000020000006        0x2 
 .data.p        0x0000000020000008        0x4 ./Drivers/Src/Clk.o
                0x0000000020000008                p
 .data.ahb_prescaler_1
                0x000000002000000c       0x10 ./Drivers/Src/Clk.o
                0x000000002000000c                ahb_prescaler_1
 .data.apb_prescaler_1
                0x000000002000001c        0x8 ./Drivers/Src/Clk.o
                0x000000002000001c                apb_prescaler_1
 .data.pll_multiplier
                0x0000000020000024       0x10 ./Drivers/Src/Clk.o
                0x0000000020000024                pll_multiplier
 .data.io_initial_config
                0x0000000020000034       0x60 ./Drivers/Src/GPIO.o
                0x0000000020000034                io_initial_config
 .data._impure_ptr
                0x0000000020000094        0x4 c:/st/stm32cubeide_1.9.0/stm32cubeide/plugins/com.st.stm32cube.ide.mcu.externaltools.gnu-tools-for-stm32.10.3-2021.10.win32_1.0.0.202111181127/tools/bin/../lib/gcc/arm-none-eabi/10.3.1/../../../../arm-none-eabi/lib/thumb/v7-m/nofp\libc_nano.a(lib_a-impure.o)
                0x0000000020000094                _impure_ptr
 .data.impure_data
                0x0000000020000098       0x60 c:/st/stm32cubeide_1.9.0/stm32cubeide/plugins/com.st.stm32cube.ide.mcu.externaltools.gnu-tools-for-stm32.10.3-2021.10.win32_1.0.0.202111181127/tools/bin/../lib/gcc/arm-none-eabi/10.3.1/../../../../arm-none-eabi/lib/thumb/v7-m/nofp\libc_nano.a(lib_a-impure.o)
 *(.RamFunc)
 *(.RamFunc*)
                0x00000000200000f8                . = ALIGN (0x4)
                0x00000000200000f8                _edata = .

.igot.plt       0x00000000200000f8        0x0 load address 0x0000000008002bf8
 .igot.plt      0x00000000200000f8        0x0 c:/st/stm32cubeide_1.9.0/stm32cubeide/plugins/com.st.stm32cube.ide.mcu.externaltools.gnu-tools-for-stm32.10.3-2021.10.win32_1.0.0.202111181127/tools/bin/../lib/gcc/arm-none-eabi/10.3.1/thumb/v7-m/nofp/crtbegin.o
                0x00000000200000f8                . = ALIGN (0x4)

.bss            0x00000000200000f8      0x1ac load address 0x0000000008002bf8
                0x00000000200000f8                _sbss = .
                0x00000000200000f8                __bss_start__ = _sbss
 *(.bss)
 .bss           0x00000000200000f8       0x1c c:/st/stm32cubeide_1.9.0/stm32cubeide/plugins/com.st.stm32cube.ide.mcu.externaltools.gnu-tools-for-stm32.10.3-2021.10.win32_1.0.0.202111181127/tools/bin/../lib/gcc/arm-none-eabi/10.3.1/thumb/v7-m/nofp/crtbegin.o
 *(.bss*)
 .bss.flag_led_on
                0x0000000020000114        0x1 ./Drivers/Src/GPIO.o
                0x0000000020000114                flag_led_on
 .bss.pin       0x0000000020000115        0x1 ./Drivers/Src/GPIO.o
                0x0000000020000115                pin
 *fill*         0x0000000020000116        0x2 
 .bss.usart_2_handle
                0x0000000020000118       0x20 ./Drivers/Src/UART.o
                0x0000000020000118                usart_2_handle
 .bss.tc_counter
                0x0000000020000138        0x1 ./Drivers/Src/UART.o
                0x0000000020000138                tc_counter
 .bss.txe_counter
                0x0000000020000139        0x1 ./Drivers/Src/UART.o
                0x0000000020000139                txe_counter
 .bss.logic_counter1
                0x000000002000013a        0x2 ./Drivers/Src/UART.o
                0x000000002000013a                logic_counter1
 .bss.logic_counter2
                0x000000002000013c        0x2 ./Drivers/Src/UART.o
                0x000000002000013c                logic_counter2
 .bss.logic_counter3
                0x000000002000013e        0x2 ./Drivers/Src/UART.o
                0x000000002000013e                logic_counter3
 .bss.logic_counter4
                0x0000000020000140        0x2 ./Drivers/Src/UART.o
                0x0000000020000140                logic_counter4
 .bss.logic_counter5
                0x0000000020000142        0x2 ./Drivers/Src/UART.o
                0x0000000020000142                logic_counter5
 .bss.Accel_x   0x0000000020000144        0x2 ./Src/main.o
                0x0000000020000144                Accel_x
 .bss.Count_Bytes_Read
                0x0000000020000146        0x1 ./Src/main.o
                0x0000000020000146                Count_Bytes_Read
 *fill*         0x0000000020000147        0x1 
 .bss.tx_buffer_data
                0x0000000020000148       0x50 ./Src/main.o
                0x0000000020000148                tx_buffer_data
 .bss.rx_buffer_data
                0x0000000020000198       0x50 ./Src/main.o
                0x0000000020000198                rx_buffer_data
 .bss.tc_buffer
                0x00000000200001e8       0x50 ./Src/main.o
                0x00000000200001e8                tc_buffer
 .bss.tc_buffer_index
                0x0000000020000238        0x1 ./Src/main.o
                0x0000000020000238                tc_buffer_index
 *fill*         0x0000000020000239        0x3 
 .bss.txe_buffer
                0x000000002000023c       0x50 ./Src/main.o
                0x000000002000023c                txe_buffer
 .bss.txe_buffer_index
                0x000000002000028c        0x1 ./Src/main.o
                0x000000002000028c                txe_buffer_index
 *fill*         0x000000002000028d        0x3 
 .bss.__sbrk_heap_end
                0x0000000020000290        0x4 ./Src/sysmem.o
 .bss.__malloc_free_list
                0x0000000020000294        0x4 c:/st/stm32cubeide_1.9.0/stm32cubeide/plugins/com.st.stm32cube.ide.mcu.externaltools.gnu-tools-for-stm32.10.3-2021.10.win32_1.0.0.202111181127/tools/bin/../lib/gcc/arm-none-eabi/10.3.1/../../../../arm-none-eabi/lib/thumb/v7-m/nofp\libc_nano.a(lib_a-nano-mallocr.o)
                0x0000000020000294                __malloc_free_list
 .bss.__malloc_sbrk_start
                0x0000000020000298        0x4 c:/st/stm32cubeide_1.9.0/stm32cubeide/plugins/com.st.stm32cube.ide.mcu.externaltools.gnu-tools-for-stm32.10.3-2021.10.win32_1.0.0.202111181127/tools/bin/../lib/gcc/arm-none-eabi/10.3.1/../../../../arm-none-eabi/lib/thumb/v7-m/nofp\libc_nano.a(lib_a-nano-mallocr.o)
                0x0000000020000298                __malloc_sbrk_start
 .bss.errno     0x000000002000029c        0x4 c:/st/stm32cubeide_1.9.0/stm32cubeide/plugins/com.st.stm32cube.ide.mcu.externaltools.gnu-tools-for-stm32.10.3-2021.10.win32_1.0.0.202111181127/tools/bin/../lib/gcc/arm-none-eabi/10.3.1/../../../../arm-none-eabi/lib/thumb/v7-m/nofp\libc_nano.a(lib_a-reent.o)
                0x000000002000029c                errno
 .bss.__lock___malloc_recursive_mutex
                0x00000000200002a0        0x1 c:/st/stm32cubeide_1.9.0/stm32cubeide/plugins/com.st.stm32cube.ide.mcu.externaltools.gnu-tools-for-stm32.10.3-2021.10.win32_1.0.0.202111181127/tools/bin/../lib/gcc/arm-none-eabi/10.3.1/../../../../arm-none-eabi/lib/thumb/v7-m/nofp\libc_nano.a(lib_a-lock.o)
                0x00000000200002a0                __lock___malloc_recursive_mutex
 *(COMMON)
                0x00000000200002a4                . = ALIGN (0x4)
 *fill*         0x00000000200002a1        0x3 
                0x00000000200002a4                _ebss = .
                0x00000000200002a4                __bss_end__ = _ebss

._user_heap_stack
                0x00000000200002a4      0x604 load address 0x0000000008002bf8
                0x00000000200002a8                . = ALIGN (0x8)
 *fill*         0x00000000200002a4        0x4 
                [!provide]                        PROVIDE (end = .)
                0x00000000200002a8                PROVIDE (_end = .)
                0x00000000200004a8                . = (. + _Min_Heap_Size)
 *fill*         0x00000000200002a8      0x200 
                0x00000000200008a8                . = (. + _Min_Stack_Size)
 *fill*         0x00000000200004a8      0x400 
                0x00000000200008a8                . = ALIGN (0x8)

/DISCARD/
 libc.a(*)
 libm.a(*)
 libgcc.a(*)

.ARM.attributes
                0x0000000000000000       0x29
 *(.ARM.attributes)
 .ARM.attributes
                0x0000000000000000       0x1d c:/st/stm32cubeide_1.9.0/stm32cubeide/plugins/com.st.stm32cube.ide.mcu.externaltools.gnu-tools-for-stm32.10.3-2021.10.win32_1.0.0.202111181127/tools/bin/../lib/gcc/arm-none-eabi/10.3.1/thumb/v7-m/nofp/crti.o
 .ARM.attributes
                0x000000000000001d       0x2d c:/st/stm32cubeide_1.9.0/stm32cubeide/plugins/com.st.stm32cube.ide.mcu.externaltools.gnu-tools-for-stm32.10.3-2021.10.win32_1.0.0.202111181127/tools/bin/../lib/gcc/arm-none-eabi/10.3.1/thumb/v7-m/nofp/crtbegin.o
 .ARM.attributes
                0x000000000000004a       0x2d ./Drivers/Src/Clk.o
 .ARM.attributes
                0x0000000000000077       0x2d ./Drivers/Src/GPIO.o
 .ARM.attributes
                0x00000000000000a4       0x2d ./Drivers/Src/I2C.o
 .ARM.attributes
                0x00000000000000d1       0x2d ./Drivers/Src/System.o
 .ARM.attributes
                0x00000000000000fe       0x2d ./Drivers/Src/UART.o
 .ARM.attributes
                0x000000000000012b       0x2d ./Drivers/Src/common.o
 .ARM.attributes
                0x0000000000000158       0x2d ./Src/main.o
 .ARM.attributes
                0x0000000000000185       0x2d ./Src/sysmem.o
 .ARM.attributes
                0x00000000000001b2       0x21 ./Startup/startup_stm32f103c8tx.o
 .ARM.attributes
                0x00000000000001d3       0x2d c:/st/stm32cubeide_1.9.0/stm32cubeide/plugins/com.st.stm32cube.ide.mcu.externaltools.gnu-tools-for-stm32.10.3-2021.10.win32_1.0.0.202111181127/tools/bin/../lib/gcc/arm-none-eabi/10.3.1/../../../../arm-none-eabi/lib/thumb/v7-m/nofp\libc_nano.a(lib_a-errno.o)
 .ARM.attributes
                0x0000000000000200       0x2d c:/st/stm32cubeide_1.9.0/stm32cubeide/plugins/com.st.stm32cube.ide.mcu.externaltools.gnu-tools-for-stm32.10.3-2021.10.win32_1.0.0.202111181127/tools/bin/../lib/gcc/arm-none-eabi/10.3.1/../../../../arm-none-eabi/lib/thumb/v7-m/nofp\libc_nano.a(lib_a-impure.o)
 .ARM.attributes
                0x000000000000022d       0x2d c:/st/stm32cubeide_1.9.0/stm32cubeide/plugins/com.st.stm32cube.ide.mcu.externaltools.gnu-tools-for-stm32.10.3-2021.10.win32_1.0.0.202111181127/tools/bin/../lib/gcc/arm-none-eabi/10.3.1/../../../../arm-none-eabi/lib/thumb/v7-m/nofp\libc_nano.a(lib_a-init.o)
 .ARM.attributes
                0x000000000000025a       0x2d c:/st/stm32cubeide_1.9.0/stm32cubeide/plugins/com.st.stm32cube.ide.mcu.externaltools.gnu-tools-for-stm32.10.3-2021.10.win32_1.0.0.202111181127/tools/bin/../lib/gcc/arm-none-eabi/10.3.1/../../../../arm-none-eabi/lib/thumb/v7-m/nofp\libc_nano.a(lib_a-sprintf.o)
 .ARM.attributes
                0x0000000000000287       0x2d c:/st/stm32cubeide_1.9.0/stm32cubeide/plugins/com.st.stm32cube.ide.mcu.externaltools.gnu-tools-for-stm32.10.3-2021.10.win32_1.0.0.202111181127/tools/bin/../lib/gcc/arm-none-eabi/10.3.1/../../../../arm-none-eabi/lib/thumb/v7-m/nofp\libc_nano.a(lib_a-nano-svfprintf.o)
 .ARM.attributes
                0x00000000000002b4       0x2d c:/st/stm32cubeide_1.9.0/stm32cubeide/plugins/com.st.stm32cube.ide.mcu.externaltools.gnu-tools-for-stm32.10.3-2021.10.win32_1.0.0.202111181127/tools/bin/../lib/gcc/arm-none-eabi/10.3.1/../../../../arm-none-eabi/lib/thumb/v7-m/nofp\libc_nano.a(lib_a-nano-vfprintf_i.o)
 .ARM.attributes
                0x00000000000002e1       0x2d c:/st/stm32cubeide_1.9.0/stm32cubeide/plugins/com.st.stm32cube.ide.mcu.externaltools.gnu-tools-for-stm32.10.3-2021.10.win32_1.0.0.202111181127/tools/bin/../lib/gcc/arm-none-eabi/10.3.1/../../../../arm-none-eabi/lib/thumb/v7-m/nofp\libc_nano.a(lib_a-memchr-stub.o)
 .ARM.attributes
                0x000000000000030e       0x2d c:/st/stm32cubeide_1.9.0/stm32cubeide/plugins/com.st.stm32cube.ide.mcu.externaltools.gnu-tools-for-stm32.10.3-2021.10.win32_1.0.0.202111181127/tools/bin/../lib/gcc/arm-none-eabi/10.3.1/../../../../arm-none-eabi/lib/thumb/v7-m/nofp\libc_nano.a(lib_a-memcpy-stub.o)
 .ARM.attributes
                0x000000000000033b       0x2d c:/st/stm32cubeide_1.9.0/stm32cubeide/plugins/com.st.stm32cube.ide.mcu.externaltools.gnu-tools-for-stm32.10.3-2021.10.win32_1.0.0.202111181127/tools/bin/../lib/gcc/arm-none-eabi/10.3.1/../../../../arm-none-eabi/lib/thumb/v7-m/nofp\libc_nano.a(lib_a-memmove.o)
 .ARM.attributes
                0x0000000000000368       0x2d c:/st/stm32cubeide_1.9.0/stm32cubeide/plugins/com.st.stm32cube.ide.mcu.externaltools.gnu-tools-for-stm32.10.3-2021.10.win32_1.0.0.202111181127/tools/bin/../lib/gcc/arm-none-eabi/10.3.1/../../../../arm-none-eabi/lib/thumb/v7-m/nofp\libc_nano.a(lib_a-nano-freer.o)
 .ARM.attributes
                0x0000000000000395       0x2d c:/st/stm32cubeide_1.9.0/stm32cubeide/plugins/com.st.stm32cube.ide.mcu.externaltools.gnu-tools-for-stm32.10.3-2021.10.win32_1.0.0.202111181127/tools/bin/../lib/gcc/arm-none-eabi/10.3.1/../../../../arm-none-eabi/lib/thumb/v7-m/nofp\libc_nano.a(lib_a-nano-mallocr.o)
 .ARM.attributes
                0x00000000000003c2       0x2d c:/st/stm32cubeide_1.9.0/stm32cubeide/plugins/com.st.stm32cube.ide.mcu.externaltools.gnu-tools-for-stm32.10.3-2021.10.win32_1.0.0.202111181127/tools/bin/../lib/gcc/arm-none-eabi/10.3.1/../../../../arm-none-eabi/lib/thumb/v7-m/nofp\libc_nano.a(lib_a-nano-reallocr.o)
 .ARM.attributes
                0x00000000000003ef       0x2d c:/st/stm32cubeide_1.9.0/stm32cubeide/plugins/com.st.stm32cube.ide.mcu.externaltools.gnu-tools-for-stm32.10.3-2021.10.win32_1.0.0.202111181127/tools/bin/../lib/gcc/arm-none-eabi/10.3.1/../../../../arm-none-eabi/lib/thumb/v7-m/nofp\libc_nano.a(lib_a-sbrkr.o)
 .ARM.attributes
                0x000000000000041c       0x2d c:/st/stm32cubeide_1.9.0/stm32cubeide/plugins/com.st.stm32cube.ide.mcu.externaltools.gnu-tools-for-stm32.10.3-2021.10.win32_1.0.0.202111181127/tools/bin/../lib/gcc/arm-none-eabi/10.3.1/../../../../arm-none-eabi/lib/thumb/v7-m/nofp\libc_nano.a(lib_a-mlock.o)
 .ARM.attributes
                0x0000000000000449       0x2d c:/st/stm32cubeide_1.9.0/stm32cubeide/plugins/com.st.stm32cube.ide.mcu.externaltools.gnu-tools-for-stm32.10.3-2021.10.win32_1.0.0.202111181127/tools/bin/../lib/gcc/arm-none-eabi/10.3.1/../../../../arm-none-eabi/lib/thumb/v7-m/nofp\libc_nano.a(lib_a-nano-msizer.o)
 .ARM.attributes
                0x0000000000000476       0x2d c:/st/stm32cubeide_1.9.0/stm32cubeide/plugins/com.st.stm32cube.ide.mcu.externaltools.gnu-tools-for-stm32.10.3-2021.10.win32_1.0.0.202111181127/tools/bin/../lib/gcc/arm-none-eabi/10.3.1/../../../../arm-none-eabi/lib/thumb/v7-m/nofp\libc_nano.a(lib_a-reent.o)
 .ARM.attributes
                0x00000000000004a3       0x2d c:/st/stm32cubeide_1.9.0/stm32cubeide/plugins/com.st.stm32cube.ide.mcu.externaltools.gnu-tools-for-stm32.10.3-2021.10.win32_1.0.0.202111181127/tools/bin/../lib/gcc/arm-none-eabi/10.3.1/../../../../arm-none-eabi/lib/thumb/v7-m/nofp\libc_nano.a(lib_a-lock.o)
 .ARM.attributes
                0x00000000000004d0       0x1d c:/st/stm32cubeide_1.9.0/stm32cubeide/plugins/com.st.stm32cube.ide.mcu.externaltools.gnu-tools-for-stm32.10.3-2021.10.win32_1.0.0.202111181127/tools/bin/../lib/gcc/arm-none-eabi/10.3.1/thumb/v7-m/nofp\libgcc.a(_arm_mulsf3.o)
 .ARM.attributes
                0x00000000000004ed       0x1d c:/st/stm32cubeide_1.9.0/stm32cubeide/plugins/com.st.stm32cube.ide.mcu.externaltools.gnu-tools-for-stm32.10.3-2021.10.win32_1.0.0.202111181127/tools/bin/../lib/gcc/arm-none-eabi/10.3.1/thumb/v7-m/nofp\libgcc.a(_arm_addsubdf3.o)
 .ARM.attributes
                0x000000000000050a       0x1d c:/st/stm32cubeide_1.9.0/stm32cubeide/plugins/com.st.stm32cube.ide.mcu.externaltools.gnu-tools-for-stm32.10.3-2021.10.win32_1.0.0.202111181127/tools/bin/../lib/gcc/arm-none-eabi/10.3.1/thumb/v7-m/nofp\libgcc.a(_arm_muldivdf3.o)
 .ARM.attributes
                0x0000000000000527       0x1d c:/st/stm32cubeide_1.9.0/stm32cubeide/plugins/com.st.stm32cube.ide.mcu.externaltools.gnu-tools-for-stm32.10.3-2021.10.win32_1.0.0.202111181127/tools/bin/../lib/gcc/arm-none-eabi/10.3.1/thumb/v7-m/nofp\libgcc.a(_arm_truncdfsf2.o)
 .ARM.attributes
                0x0000000000000544       0x1d c:/st/stm32cubeide_1.9.0/stm32cubeide/plugins/com.st.stm32cube.ide.mcu.externaltools.gnu-tools-for-stm32.10.3-2021.10.win32_1.0.0.202111181127/tools/bin/../lib/gcc/arm-none-eabi/10.3.1/thumb/v7-m/nofp\libgcc.a(_arm_addsubsf3.o)
 .ARM.attributes
                0x0000000000000561       0x1d c:/st/stm32cubeide_1.9.0/stm32cubeide/plugins/com.st.stm32cube.ide.mcu.externaltools.gnu-tools-for-stm32.10.3-2021.10.win32_1.0.0.202111181127/tools/bin/../lib/gcc/arm-none-eabi/10.3.1/thumb/v7-m/nofp\libgcc.a(_arm_cmpsf2.o)
 .ARM.attributes
                0x000000000000057e       0x1d c:/st/stm32cubeide_1.9.0/stm32cubeide/plugins/com.st.stm32cube.ide.mcu.externaltools.gnu-tools-for-stm32.10.3-2021.10.win32_1.0.0.202111181127/tools/bin/../lib/gcc/arm-none-eabi/10.3.1/thumb/v7-m/nofp\libgcc.a(_arm_fixsfsi.o)
 .ARM.attributes
                0x000000000000059b       0x1d c:/st/stm32cubeide_1.9.0/stm32cubeide/plugins/com.st.stm32cube.ide.mcu.externaltools.gnu-tools-for-stm32.10.3-2021.10.win32_1.0.0.202111181127/tools/bin/../lib/gcc/arm-none-eabi/10.3.1/thumb/v7-m/nofp\libgcc.a(_arm_fixunssfsi.o)
 .ARM.attributes
                0x00000000000005b8       0x1d c:/st/stm32cubeide_1.9.0/stm32cubeide/plugins/com.st.stm32cube.ide.mcu.externaltools.gnu-tools-for-stm32.10.3-2021.10.win32_1.0.0.202111181127/tools/bin/../lib/gcc/arm-none-eabi/10.3.1/thumb/v7-m/nofp/crtn.o
OUTPUT(001_Pulse_Generating_Card.elf elf32-littlearm)
LOAD linker stubs
LOAD c:/st/stm32cubeide_1.9.0/stm32cubeide/plugins/com.st.stm32cube.ide.mcu.externaltools.gnu-tools-for-stm32.10.3-2021.10.win32_1.0.0.202111181127/tools/bin/../lib/gcc/arm-none-eabi/10.3.1/../../../../arm-none-eabi/lib/thumb/v7-m/nofp\libc.a
LOAD c:/st/stm32cubeide_1.9.0/stm32cubeide/plugins/com.st.stm32cube.ide.mcu.externaltools.gnu-tools-for-stm32.10.3-2021.10.win32_1.0.0.202111181127/tools/bin/../lib/gcc/arm-none-eabi/10.3.1/../../../../arm-none-eabi/lib/thumb/v7-m/nofp\libm.a
LOAD c:/st/stm32cubeide_1.9.0/stm32cubeide/plugins/com.st.stm32cube.ide.mcu.externaltools.gnu-tools-for-stm32.10.3-2021.10.win32_1.0.0.202111181127/tools/bin/../lib/gcc/arm-none-eabi/10.3.1/thumb/v7-m/nofp\libgcc.a

.debug_info     0x0000000000000000     0x2b18
 .debug_info    0x0000000000000000      0x707 ./Drivers/Src/Clk.o
 .debug_info    0x0000000000000707      0x852 ./Drivers/Src/GPIO.o
 .debug_info    0x0000000000000f59      0x467 ./Drivers/Src/I2C.o
 .debug_info    0x00000000000013c0      0x188 ./Drivers/Src/System.o
 .debug_info    0x0000000000001548      0x953 ./Drivers/Src/UART.o
 .debug_info    0x0000000000001e9b      0x29b ./Drivers/Src/common.o
 .debug_info    0x0000000000002136      0x84f ./Src/main.o
 .debug_info    0x0000000000002985      0x171 ./Src/sysmem.o
 .debug_info    0x0000000000002af6       0x22 ./Startup/startup_stm32f103c8tx.o

.debug_abbrev   0x0000000000000000      0xc0a
 .debug_abbrev  0x0000000000000000      0x1e5 ./Drivers/Src/Clk.o
 .debug_abbrev  0x00000000000001e5      0x1fd ./Drivers/Src/GPIO.o
 .debug_abbrev  0x00000000000003e2      0x13a ./Drivers/Src/I2C.o
 .debug_abbrev  0x000000000000051c       0xe4 ./Drivers/Src/System.o
 .debug_abbrev  0x0000000000000600      0x283 ./Drivers/Src/UART.o
 .debug_abbrev  0x0000000000000883      0x121 ./Drivers/Src/common.o
 .debug_abbrev  0x00000000000009a4      0x199 ./Src/main.o
 .debug_abbrev  0x0000000000000b3d       0xbb ./Src/sysmem.o
 .debug_abbrev  0x0000000000000bf8       0x12 ./Startup/startup_stm32f103c8tx.o

.debug_aranges  0x0000000000000000      0x2c8
 .debug_aranges
                0x0000000000000000       0x70 ./Drivers/Src/Clk.o
 .debug_aranges
                0x0000000000000070       0x68 ./Drivers/Src/GPIO.o
 .debug_aranges
                0x00000000000000d8       0x70 ./Drivers/Src/I2C.o
 .debug_aranges
                0x0000000000000148       0x28 ./Drivers/Src/System.o
 .debug_aranges
                0x0000000000000170       0xb8 ./Drivers/Src/UART.o
 .debug_aranges
                0x0000000000000228       0x28 ./Drivers/Src/common.o
 .debug_aranges
                0x0000000000000250       0x30 ./Src/main.o
 .debug_aranges
                0x0000000000000280       0x20 ./Src/sysmem.o
 .debug_aranges
                0x00000000000002a0       0x28 ./Startup/startup_stm32f103c8tx.o

.debug_ranges   0x0000000000000000      0x240
 .debug_ranges  0x0000000000000000       0x60 ./Drivers/Src/Clk.o
 .debug_ranges  0x0000000000000060       0x58 ./Drivers/Src/GPIO.o
 .debug_ranges  0x00000000000000b8       0x60 ./Drivers/Src/I2C.o
 .debug_ranges  0x0000000000000118       0x18 ./Drivers/Src/System.o
 .debug_ranges  0x0000000000000130       0xa8 ./Drivers/Src/UART.o
 .debug_ranges  0x00000000000001d8       0x18 ./Drivers/Src/common.o
 .debug_ranges  0x00000000000001f0       0x20 ./Src/main.o
 .debug_ranges  0x0000000000000210       0x10 ./Src/sysmem.o
 .debug_ranges  0x0000000000000220       0x20 ./Startup/startup_stm32f103c8tx.o

.debug_macro    0x0000000000000000     0x2c23
 .debug_macro   0x0000000000000000      0x10a ./Drivers/Src/Clk.o
 .debug_macro   0x000000000000010a      0xa72 ./Drivers/Src/Clk.o
 .debug_macro   0x0000000000000b7c       0x22 ./Drivers/Src/Clk.o
 .debug_macro   0x0000000000000b9e       0x8e ./Drivers/Src/Clk.o
 .debug_macro   0x0000000000000c2c       0x51 ./Drivers/Src/Clk.o
 .debug_macro   0x0000000000000c7d      0x103 ./Drivers/Src/Clk.o
 .debug_macro   0x0000000000000d80       0x6a ./Drivers/Src/Clk.o
 .debug_macro   0x0000000000000dea      0x1df ./Drivers/Src/Clk.o
 .debug_macro   0x0000000000000fc9      0x151 ./Drivers/Src/Clk.o
 .debug_macro   0x000000000000111a       0x2e ./Drivers/Src/Clk.o
 .debug_macro   0x0000000000001148      0x150 ./Drivers/Src/Clk.o
 .debug_macro   0x0000000000001298       0x46 ./Drivers/Src/Clk.o
 .debug_macro   0x00000000000012de       0x8d ./Drivers/Src/Clk.o
 .debug_macro   0x000000000000136b      0x110 ./Drivers/Src/GPIO.o
 .debug_macro   0x000000000000147b       0x93 ./Drivers/Src/GPIO.o
 .debug_macro   0x000000000000150e       0x28 ./Drivers/Src/GPIO.o
 .debug_macro   0x0000000000001536       0xf2 ./Drivers/Src/I2C.o
 .debug_macro   0x0000000000001628       0xce ./Drivers/Src/System.o
 .debug_macro   0x00000000000016f6       0xce ./Drivers/Src/UART.o
 .debug_macro   0x00000000000017c4      0x14a ./Drivers/Src/UART.o
 .debug_macro   0x000000000000190e       0xc8 ./Drivers/Src/common.o
 .debug_macro   0x00000000000019d6      0x222 ./Src/main.o
 .debug_macro   0x0000000000001bf8       0x4c ./Src/main.o
 .debug_macro   0x0000000000001c44       0x18 ./Src/main.o
 .debug_macro   0x0000000000001c5c       0x94 ./Src/main.o
 .debug_macro   0x0000000000001cf0       0x3c ./Src/main.o
 .debug_macro   0x0000000000001d2c       0x34 ./Src/main.o
 .debug_macro   0x0000000000001d60       0x16 ./Src/main.o
 .debug_macro   0x0000000000001d76       0x57 ./Src/main.o
 .debug_macro   0x0000000000001dcd       0x97 ./Src/main.o
 .debug_macro   0x0000000000001e64      0x341 ./Src/main.o
 .debug_macro   0x00000000000021a5       0xfd ./Src/main.o
 .debug_macro   0x00000000000022a2       0x10 ./Src/main.o
 .debug_macro   0x00000000000022b2       0x16 ./Src/main.o
 .debug_macro   0x00000000000022c8       0x43 ./Src/main.o
 .debug_macro   0x000000000000230b       0x34 ./Src/main.o
 .debug_macro   0x000000000000233f       0x10 ./Src/main.o
 .debug_macro   0x000000000000234f       0x58 ./Src/main.o
 .debug_macro   0x00000000000023a7       0x71 ./Src/main.o
 .debug_macro   0x0000000000002418       0x1c ./Src/main.o
 .debug_macro   0x0000000000002434      0x12a ./Src/main.o
 .debug_macro   0x000000000000255e       0x10 ./Src/main.o
 .debug_macro   0x000000000000256e       0x1c ./Src/main.o
 .debug_macro   0x000000000000258a       0x52 ./Src/main.o
 .debug_macro   0x00000000000025dc       0x22 ./Src/main.o
 .debug_macro   0x00000000000025fe       0x10 ./Src/main.o
 .debug_macro   0x000000000000260e       0x52 ./Src/main.o
 .debug_macro   0x0000000000002660       0xd5 ./Src/main.o
 .debug_macro   0x0000000000002735       0x1c ./Src/main.o
 .debug_macro   0x0000000000002751       0x3d ./Src/main.o
 .debug_macro   0x000000000000278e       0x16 ./Src/main.o
 .debug_macro   0x00000000000027a4      0x145 ./Src/main.o
 .debug_macro   0x00000000000028e9       0xff ./Src/sysmem.o
 .debug_macro   0x00000000000029e8      0x23b ./Src/sysmem.o

.debug_line     0x0000000000000000     0x3335
 .debug_line    0x0000000000000000      0x67d ./Drivers/Src/Clk.o
 .debug_line    0x000000000000067d      0x641 ./Drivers/Src/GPIO.o
 .debug_line    0x0000000000000cbe      0x79b ./Drivers/Src/I2C.o
 .debug_line    0x0000000000001459      0x458 ./Drivers/Src/System.o
 .debug_line    0x00000000000018b1      0x97a ./Drivers/Src/UART.o
 .debug_line    0x000000000000222b      0x46c ./Drivers/Src/common.o
 .debug_line    0x0000000000002697      0x73a ./Src/main.o
 .debug_line    0x0000000000002dd1      0x4e0 ./Src/sysmem.o
 .debug_line    0x00000000000032b1       0x84 ./Startup/startup_stm32f103c8tx.o

.debug_str      0x0000000000000000     0xa329
 .debug_str     0x0000000000000000     0x5007 ./Drivers/Src/Clk.o
                                       0x51be (size before relaxing)
 .debug_str     0x0000000000005007      0x7ee ./Drivers/Src/GPIO.o
                                       0x5425 (size before relaxing)
 .debug_str     0x00000000000057f5      0x183 ./Drivers/Src/I2C.o
                                       0x4f99 (size before relaxing)
 .debug_str     0x0000000000005978       0x5b ./Drivers/Src/System.o
                                       0x4bf1 (size before relaxing)
 .debug_str     0x00000000000059d3      0x365 ./Drivers/Src/UART.o
                                       0x5075 (size before relaxing)
 .debug_str     0x0000000000005d38       0x30 ./Drivers/Src/common.o
                                       0x4c6c (size before relaxing)
 .debug_str     0x0000000000005d68     0x40bb ./Src/main.o
                                       0x92a0 (size before relaxing)
 .debug_str     0x0000000000009e23      0x4d5 ./Src/sysmem.o
                                       0x5d67 (size before relaxing)
 .debug_str     0x000000000000a2f8       0x31 ./Startup/startup_stm32f103c8tx.o
                                         0x7e (size before relaxing)

.comment        0x0000000000000000       0x50
 .comment       0x0000000000000000       0x50 ./Drivers/Src/Clk.o
                                         0x51 (size before relaxing)
 .comment       0x0000000000000050       0x51 ./Drivers/Src/GPIO.o
 .comment       0x0000000000000050       0x51 ./Drivers/Src/I2C.o
 .comment       0x0000000000000050       0x51 ./Drivers/Src/System.o
 .comment       0x0000000000000050       0x51 ./Drivers/Src/UART.o
 .comment       0x0000000000000050       0x51 ./Drivers/Src/common.o
 .comment       0x0000000000000050       0x51 ./Src/main.o
 .comment       0x0000000000000050       0x51 ./Src/sysmem.o

.debug_frame    0x0000000000000000     0x1038
 .debug_frame   0x0000000000000000      0x1b8 ./Drivers/Src/Clk.o
 .debug_frame   0x00000000000001b8      0x180 ./Drivers/Src/GPIO.o
 .debug_frame   0x0000000000000338      0x184 ./Drivers/Src/I2C.o
 .debug_frame   0x00000000000004bc       0x60 ./Drivers/Src/System.o
 .debug_frame   0x000000000000051c      0x318 ./Drivers/Src/UART.o
 .debug_frame   0x0000000000000834       0x50 ./Drivers/Src/common.o
 .debug_frame   0x0000000000000884       0x78 ./Src/main.o
 .debug_frame   0x00000000000008fc       0x34 ./Src/sysmem.o
 .debug_frame   0x0000000000000930       0x20 c:/st/stm32cubeide_1.9.0/stm32cubeide/plugins/com.st.stm32cube.ide.mcu.externaltools.gnu-tools-for-stm32.10.3-2021.10.win32_1.0.0.202111181127/tools/bin/../lib/gcc/arm-none-eabi/10.3.1/../../../../arm-none-eabi/lib/thumb/v7-m/nofp\libc_nano.a(lib_a-errno.o)
 .debug_frame   0x0000000000000950       0x2c c:/st/stm32cubeide_1.9.0/stm32cubeide/plugins/com.st.stm32cube.ide.mcu.externaltools.gnu-tools-for-stm32.10.3-2021.10.win32_1.0.0.202111181127/tools/bin/../lib/gcc/arm-none-eabi/10.3.1/../../../../arm-none-eabi/lib/thumb/v7-m/nofp\libc_nano.a(lib_a-init.o)
 .debug_frame   0x000000000000097c       0x6c c:/st/stm32cubeide_1.9.0/stm32cubeide/plugins/com.st.stm32cube.ide.mcu.externaltools.gnu-tools-for-stm32.10.3-2021.10.win32_1.0.0.202111181127/tools/bin/../lib/gcc/arm-none-eabi/10.3.1/../../../../arm-none-eabi/lib/thumb/v7-m/nofp\libc_nano.a(lib_a-sprintf.o)
 .debug_frame   0x00000000000009e8       0x90 c:/st/stm32cubeide_1.9.0/stm32cubeide/plugins/com.st.stm32cube.ide.mcu.externaltools.gnu-tools-for-stm32.10.3-2021.10.win32_1.0.0.202111181127/tools/bin/../lib/gcc/arm-none-eabi/10.3.1/../../../../arm-none-eabi/lib/thumb/v7-m/nofp\libc_nano.a(lib_a-nano-svfprintf.o)
 .debug_frame   0x0000000000000a78       0x60 c:/st/stm32cubeide_1.9.0/stm32cubeide/plugins/com.st.stm32cube.ide.mcu.externaltools.gnu-tools-for-stm32.10.3-2021.10.win32_1.0.0.202111181127/tools/bin/../lib/gcc/arm-none-eabi/10.3.1/../../../../arm-none-eabi/lib/thumb/v7-m/nofp\libc_nano.a(lib_a-nano-vfprintf_i.o)
 .debug_frame   0x0000000000000ad8       0x28 c:/st/stm32cubeide_1.9.0/stm32cubeide/plugins/com.st.stm32cube.ide.mcu.externaltools.gnu-tools-for-stm32.10.3-2021.10.win32_1.0.0.202111181127/tools/bin/../lib/gcc/arm-none-eabi/10.3.1/../../../../arm-none-eabi/lib/thumb/v7-m/nofp\libc_nano.a(lib_a-memchr-stub.o)
 .debug_frame   0x0000000000000b00       0x28 c:/st/stm32cubeide_1.9.0/stm32cubeide/plugins/com.st.stm32cube.ide.mcu.externaltools.gnu-tools-for-stm32.10.3-2021.10.win32_1.0.0.202111181127/tools/bin/../lib/gcc/arm-none-eabi/10.3.1/../../../../arm-none-eabi/lib/thumb/v7-m/nofp\libc_nano.a(lib_a-memcpy-stub.o)
 .debug_frame   0x0000000000000b28       0x28 c:/st/stm32cubeide_1.9.0/stm32cubeide/plugins/com.st.stm32cube.ide.mcu.externaltools.gnu-tools-for-stm32.10.3-2021.10.win32_1.0.0.202111181127/tools/bin/../lib/gcc/arm-none-eabi/10.3.1/../../../../arm-none-eabi/lib/thumb/v7-m/nofp\libc_nano.a(lib_a-memmove.o)
 .debug_frame   0x0000000000000b50       0x38 c:/st/stm32cubeide_1.9.0/stm32cubeide/plugins/com.st.stm32cube.ide.mcu.externaltools.gnu-tools-for-stm32.10.3-2021.10.win32_1.0.0.202111181127/tools/bin/../lib/gcc/arm-none-eabi/10.3.1/../../../../arm-none-eabi/lib/thumb/v7-m/nofp\libc_nano.a(lib_a-nano-freer.o)
 .debug_frame   0x0000000000000b88       0x4c c:/st/stm32cubeide_1.9.0/stm32cubeide/plugins/com.st.stm32cube.ide.mcu.externaltools.gnu-tools-for-stm32.10.3-2021.10.win32_1.0.0.202111181127/tools/bin/../lib/gcc/arm-none-eabi/10.3.1/../../../../arm-none-eabi/lib/thumb/v7-m/nofp\libc_nano.a(lib_a-nano-mallocr.o)
 .debug_frame   0x0000000000000bd4       0x3c c:/st/stm32cubeide_1.9.0/stm32cubeide/plugins/com.st.stm32cube.ide.mcu.externaltools.gnu-tools-for-stm32.10.3-2021.10.win32_1.0.0.202111181127/tools/bin/../lib/gcc/arm-none-eabi/10.3.1/../../../../arm-none-eabi/lib/thumb/v7-m/nofp\libc_nano.a(lib_a-nano-reallocr.o)
 .debug_frame   0x0000000000000c10       0x2c c:/st/stm32cubeide_1.9.0/stm32cubeide/plugins/com.st.stm32cube.ide.mcu.externaltools.gnu-tools-for-stm32.10.3-2021.10.win32_1.0.0.202111181127/tools/bin/../lib/gcc/arm-none-eabi/10.3.1/../../../../arm-none-eabi/lib/thumb/v7-m/nofp\libc_nano.a(lib_a-sbrkr.o)
 .debug_frame   0x0000000000000c3c       0x30 c:/st/stm32cubeide_1.9.0/stm32cubeide/plugins/com.st.stm32cube.ide.mcu.externaltools.gnu-tools-for-stm32.10.3-2021.10.win32_1.0.0.202111181127/tools/bin/../lib/gcc/arm-none-eabi/10.3.1/../../../../arm-none-eabi/lib/thumb/v7-m/nofp\libc_nano.a(lib_a-mlock.o)
 .debug_frame   0x0000000000000c6c       0x20 c:/st/stm32cubeide_1.9.0/stm32cubeide/plugins/com.st.stm32cube.ide.mcu.externaltools.gnu-tools-for-stm32.10.3-2021.10.win32_1.0.0.202111181127/tools/bin/../lib/gcc/arm-none-eabi/10.3.1/../../../../arm-none-eabi/lib/thumb/v7-m/nofp\libc_nano.a(lib_a-nano-msizer.o)
 .debug_frame   0x0000000000000c8c       0x5c c:/st/stm32cubeide_1.9.0/stm32cubeide/plugins/com.st.stm32cube.ide.mcu.externaltools.gnu-tools-for-stm32.10.3-2021.10.win32_1.0.0.202111181127/tools/bin/../lib/gcc/arm-none-eabi/10.3.1/../../../../arm-none-eabi/lib/thumb/v7-m/nofp\libc_nano.a(lib_a-reent.o)
 .debug_frame   0x0000000000000ce8       0xb0 c:/st/stm32cubeide_1.9.0/stm32cubeide/plugins/com.st.stm32cube.ide.mcu.externaltools.gnu-tools-for-stm32.10.3-2021.10.win32_1.0.0.202111181127/tools/bin/../lib/gcc/arm-none-eabi/10.3.1/../../../../arm-none-eabi/lib/thumb/v7-m/nofp\libc_nano.a(lib_a-lock.o)
 .debug_frame   0x0000000000000d98       0x24 c:/st/stm32cubeide_1.9.0/stm32cubeide/plugins/com.st.stm32cube.ide.mcu.externaltools.gnu-tools-for-stm32.10.3-2021.10.win32_1.0.0.202111181127/tools/bin/../lib/gcc/arm-none-eabi/10.3.1/thumb/v7-m/nofp\libgcc.a(_arm_mulsf3.o)
 .debug_frame   0x0000000000000dbc       0xac c:/st/stm32cubeide_1.9.0/stm32cubeide/plugins/com.st.stm32cube.ide.mcu.externaltools.gnu-tools-for-stm32.10.3-2021.10.win32_1.0.0.202111181127/tools/bin/../lib/gcc/arm-none-eabi/10.3.1/thumb/v7-m/nofp\libgcc.a(_arm_addsubdf3.o)
 .debug_frame   0x0000000000000e68       0x50 c:/st/stm32cubeide_1.9.0/stm32cubeide/plugins/com.st.stm32cube.ide.mcu.externaltools.gnu-tools-for-stm32.10.3-2021.10.win32_1.0.0.202111181127/tools/bin/../lib/gcc/arm-none-eabi/10.3.1/thumb/v7-m/nofp\libgcc.a(_arm_muldivdf3.o)
 .debug_frame   0x0000000000000eb8       0x24 c:/st/stm32cubeide_1.9.0/stm32cubeide/plugins/com.st.stm32cube.ide.mcu.externaltools.gnu-tools-for-stm32.10.3-2021.10.win32_1.0.0.202111181127/tools/bin/../lib/gcc/arm-none-eabi/10.3.1/thumb/v7-m/nofp\libgcc.a(_arm_truncdfsf2.o)
 .debug_frame   0x0000000000000edc       0x4c c:/st/stm32cubeide_1.9.0/stm32cubeide/plugins/com.st.stm32cube.ide.mcu.externaltools.gnu-tools-for-stm32.10.3-2021.10.win32_1.0.0.202111181127/tools/bin/../lib/gcc/arm-none-eabi/10.3.1/thumb/v7-m/nofp\libgcc.a(_arm_addsubsf3.o)
 .debug_frame   0x0000000000000f28       0xc8 c:/st/stm32cubeide_1.9.0/stm32cubeide/plugins/com.st.stm32cube.ide.mcu.externaltools.gnu-tools-for-stm32.10.3-2021.10.win32_1.0.0.202111181127/tools/bin/../lib/gcc/arm-none-eabi/10.3.1/thumb/v7-m/nofp\libgcc.a(_arm_cmpsf2.o)
 .debug_frame   0x0000000000000ff0       0x24 c:/st/stm32cubeide_1.9.0/stm32cubeide/plugins/com.st.stm32cube.ide.mcu.externaltools.gnu-tools-for-stm32.10.3-2021.10.win32_1.0.0.202111181127/tools/bin/../lib/gcc/arm-none-eabi/10.3.1/thumb/v7-m/nofp\libgcc.a(_arm_fixsfsi.o)
 .debug_frame   0x0000000000001014       0x24 c:/st/stm32cubeide_1.9.0/stm32cubeide/plugins/com.st.stm32cube.ide.mcu.externaltools.gnu-tools-for-stm32.10.3-2021.10.win32_1.0.0.202111181127/tools/bin/../lib/gcc/arm-none-eabi/10.3.1/thumb/v7-m/nofp\libgcc.a(_arm_fixunssfsi.o)
