Archive member included to satisfy reference by file (symbol)

c:/st/stm32cubeide_1.9.0/stm32cubeide/plugins/com.st.stm32cube.ide.mcu.externaltools.gnu-tools-for-stm32.10.3-2021.10.win32_1.0.0.202111181127/tools/bin/../lib/gcc/arm-none-eabi/10.3.1/../../../../arm-none-eabi/lib/thumb/v7-m/nofp\libc_nano.a(lib_a-errno.o)
                              ./Src/syscalls.o (__errno)
c:/st/stm32cubeide_1.9.0/stm32cubeide/plugins/com.st.stm32cube.ide.mcu.externaltools.gnu-tools-for-stm32.10.3-2021.10.win32_1.0.0.202111181127/tools/bin/../lib/gcc/arm-none-eabi/10.3.1/../../../../arm-none-eabi/lib/thumb/v7-m/nofp\libc_nano.a(lib_a-exit.o)
                              c:/st/stm32cubeide_1.9.0/stm32cubeide/plugins/com.st.stm32cube.ide.mcu.externaltools.gnu-tools-for-stm32.10.3-2021.10.win32_1.0.0.202111181127/tools/bin/../lib/gcc/arm-none-eabi/10.3.1/../../../../arm-none-eabi/lib/thumb/v7-m/nofp/crt0.o (exit)
c:/st/stm32cubeide_1.9.0/stm32cubeide/plugins/com.st.stm32cube.ide.mcu.externaltools.gnu-tools-for-stm32.10.3-2021.10.win32_1.0.0.202111181127/tools/bin/../lib/gcc/arm-none-eabi/10.3.1/../../../../arm-none-eabi/lib/thumb/v7-m/nofp\libc_nano.a(lib_a-impure.o)
                              c:/st/stm32cubeide_1.9.0/stm32cubeide/plugins/com.st.stm32cube.ide.mcu.externaltools.gnu-tools-for-stm32.10.3-2021.10.win32_1.0.0.202111181127/tools/bin/../lib/gcc/arm-none-eabi/10.3.1/../../../../arm-none-eabi/lib/thumb/v7-m/nofp\libc_nano.a(lib_a-exit.o) (_global_impure_ptr)
c:/st/stm32cubeide_1.9.0/stm32cubeide/plugins/com.st.stm32cube.ide.mcu.externaltools.gnu-tools-for-stm32.10.3-2021.10.win32_1.0.0.202111181127/tools/bin/../lib/gcc/arm-none-eabi/10.3.1/../../../../arm-none-eabi/lib/thumb/v7-m/nofp\libc_nano.a(lib_a-init.o)
                              c:/st/stm32cubeide_1.9.0/stm32cubeide/plugins/com.st.stm32cube.ide.mcu.externaltools.gnu-tools-for-stm32.10.3-2021.10.win32_1.0.0.202111181127/tools/bin/../lib/gcc/arm-none-eabi/10.3.1/../../../../arm-none-eabi/lib/thumb/v7-m/nofp/crt0.o (__libc_init_array)
c:/st/stm32cubeide_1.9.0/stm32cubeide/plugins/com.st.stm32cube.ide.mcu.externaltools.gnu-tools-for-stm32.10.3-2021.10.win32_1.0.0.202111181127/tools/bin/../lib/gcc/arm-none-eabi/10.3.1/../../../../arm-none-eabi/lib/thumb/v7-m/nofp\libc_nano.a(lib_a-memset.o)
                              c:/st/stm32cubeide_1.9.0/stm32cubeide/plugins/com.st.stm32cube.ide.mcu.externaltools.gnu-tools-for-stm32.10.3-2021.10.win32_1.0.0.202111181127/tools/bin/../lib/gcc/arm-none-eabi/10.3.1/../../../../arm-none-eabi/lib/thumb/v7-m/nofp/crt0.o (memset)
c:/st/stm32cubeide_1.9.0/stm32cubeide/plugins/com.st.stm32cube.ide.mcu.externaltools.gnu-tools-for-stm32.10.3-2021.10.win32_1.0.0.202111181127/tools/bin/../lib/gcc/arm-none-eabi/10.3.1/thumb/v7-m/nofp\libgcc.a(_arm_muldf3.o)
                              ./Drivers/Src/UART.o (__aeabi_dmul)
c:/st/stm32cubeide_1.9.0/stm32cubeide/plugins/com.st.stm32cube.ide.mcu.externaltools.gnu-tools-for-stm32.10.3-2021.10.win32_1.0.0.202111181127/tools/bin/../lib/gcc/arm-none-eabi/10.3.1/thumb/v7-m/nofp\libgcc.a(_arm_mulsf3.o)
                              ./Drivers/Src/UART.o (__aeabi_fmul)
c:/st/stm32cubeide_1.9.0/stm32cubeide/plugins/com.st.stm32cube.ide.mcu.externaltools.gnu-tools-for-stm32.10.3-2021.10.win32_1.0.0.202111181127/tools/bin/../lib/gcc/arm-none-eabi/10.3.1/thumb/v7-m/nofp\libgcc.a(_arm_addsubdf3.o)
                              ./Drivers/Src/UART.o (__aeabi_ui2d)
c:/st/stm32cubeide_1.9.0/stm32cubeide/plugins/com.st.stm32cube.ide.mcu.externaltools.gnu-tools-for-stm32.10.3-2021.10.win32_1.0.0.202111181127/tools/bin/../lib/gcc/arm-none-eabi/10.3.1/thumb/v7-m/nofp\libgcc.a(_arm_muldivdf3.o)
                              ./Drivers/Src/UART.o (__aeabi_ddiv)
c:/st/stm32cubeide_1.9.0/stm32cubeide/plugins/com.st.stm32cube.ide.mcu.externaltools.gnu-tools-for-stm32.10.3-2021.10.win32_1.0.0.202111181127/tools/bin/../lib/gcc/arm-none-eabi/10.3.1/thumb/v7-m/nofp\libgcc.a(_arm_truncdfsf2.o)
                              ./Drivers/Src/UART.o (__aeabi_d2f)
c:/st/stm32cubeide_1.9.0/stm32cubeide/plugins/com.st.stm32cube.ide.mcu.externaltools.gnu-tools-for-stm32.10.3-2021.10.win32_1.0.0.202111181127/tools/bin/../lib/gcc/arm-none-eabi/10.3.1/thumb/v7-m/nofp\libgcc.a(_arm_addsubsf3.o)
                              ./Drivers/Src/UART.o (__aeabi_fsub)
c:/st/stm32cubeide_1.9.0/stm32cubeide/plugins/com.st.stm32cube.ide.mcu.externaltools.gnu-tools-for-stm32.10.3-2021.10.win32_1.0.0.202111181127/tools/bin/../lib/gcc/arm-none-eabi/10.3.1/thumb/v7-m/nofp\libgcc.a(_arm_cmpsf2.o)
                              ./Drivers/Src/common.o (__aeabi_fcmplt)
c:/st/stm32cubeide_1.9.0/stm32cubeide/plugins/com.st.stm32cube.ide.mcu.externaltools.gnu-tools-for-stm32.10.3-2021.10.win32_1.0.0.202111181127/tools/bin/../lib/gcc/arm-none-eabi/10.3.1/thumb/v7-m/nofp\libgcc.a(_arm_fixsfsi.o)
                              ./Drivers/Src/UART.o (__aeabi_f2iz)
[...]
Memory Configuration

Name             Origin             Length             Attributes
RAM              0x0000000020000000 0x0000000000005000 xrw
FLASH            0x0000000008000000 0x0000000000010000 xr
*default*        0x0000000000000000 0xffffffffffffffff

Linker script and memory map

LOAD c:/st/stm32cubeide_1.9.0/stm32cubeide/plugins/com.st.stm32cube.ide.mcu.externaltools.gnu-tools-for-stm32.10.3-2021.10.win32_1.0.0.202111181127/tools/bin/../lib/gcc/arm-none-eabi/10.3.1/thumb/v7-m/nofp/crti.o
LOAD c:/st/stm32cubeide_1.9.0/stm32cubeide/plugins/com.st.stm32cube.ide.mcu.externaltools.gnu-tools-for-stm32.10.3-2021.10.win32_1.0.0.202111181127/tools/bin/../lib/gcc/arm-none-eabi/10.3.1/thumb/v7-m/nofp/crtbegin.o
LOAD c:/st/stm32cubeide_1.9.0/stm32cubeide/plugins/com.st.stm32cube.ide.mcu.externaltools.gnu-tools-for-stm32.10.3-2021.10.win32_1.0.0.202111181127/tools/bin/../lib/gcc/arm-none-eabi/10.3.1/../../../../arm-none-eabi/lib/thumb/v7-m/nofp/crt0.o
LOAD ./Drivers/Src/Clk.o
LOAD ./Drivers/Src/DMA.o
LOAD ./Drivers/Src/GPIO.o
LOAD ./Drivers/Src/I2C.o
LOAD ./Drivers/Src/System.o
LOAD ./Drivers/Src/Timer.o
LOAD ./Drivers/Src/UART.o
LOAD ./Drivers/Src/common.o
LOAD ./Drivers/Src/iwdg.o
LOAD ./Drivers/Src/spi.o
LOAD ./Src/bmp280.o
LOAD ./Src/eeprom.o
LOAD ./Src/main.o
LOAD ./Src/syscalls.o
LOAD ./Src/sysmem.o
LOAD ./Startup/startup_stm32f103c8tx.o
START GROUP
LOAD c:/st/stm32cubeide_1.9.0/stm32cubeide/plugins/com.st.stm32cube.ide.mcu.externaltools.gnu-tools-for-stm32.10.3-2021.10.win32_1.0.0.202111181127/tools/bin/../lib/gcc/arm-none-eabi/10.3.1/../../../../arm-none-eabi/lib/thumb/v7-m/nofp\libc_nano.a
LOAD c:/st/stm32cubeide_1.9.0/stm32cubeide/plugins/com.st.stm32cube.ide.mcu.externaltools.gnu-tools-for-stm32.10.3-2021.10.win32_1.0.0.202111181127/tools/bin/../lib/gcc/arm-none-eabi/10.3.1/../../../../arm-none-eabi/lib/thumb/v7-m/nofp\libm.a
END GROUP
START GROUP
LOAD c:/st/stm32cubeide_1.9.0/stm32cubeide/plugins/com.st.stm32cube.ide.mcu.externaltools.gnu-tools-for-stm32.10.3-2021.10.win32_1.0.0.202111181127/tools/bin/../lib/gcc/arm-none-eabi/10.3.1/thumb/v7-m/nofp\libgcc.a
LOAD c:/st/stm32cubeide_1.9.0/stm32cubeide/plugins/com.st.stm32cube.ide.mcu.externaltools.gnu-tools-for-stm32.10.3-2021.10.win32_1.0.0.202111181127/tools/bin/../lib/gcc/arm-none-eabi/10.3.1/../../../../arm-none-eabi/lib/thumb/v7-m/nofp\libc_nano.a
END GROUP
START GROUP
LOAD c:/st/stm32cubeide_1.9.0/stm32cubeide/plugins/com.st.stm32cube.ide.mcu.externaltools.gnu-tools-for-stm32.10.3-2021.10.win32_1.0.0.202111181127/tools/bin/../lib/gcc/arm-none-eabi/10.3.1/thumb/v7-m/nofp\libgcc.a
LOAD c:/st/stm32cubeide_1.9.0/stm32cubeide/plugins/com.st.stm32cube.ide.mcu.externaltools.gnu-tools-for-stm32.10.3-2021.10.win32_1.0.0.202111181127/tools/bin/../lib/gcc/arm-none-eabi/10.3.1/../../../../arm-none-eabi/lib/thumb/v7-m/nofp\libc_nano.a
LOAD c:/st/stm32cubeide_1.9.0/stm32cubeide/plugins/com.st.stm32cube.ide.mcu.externaltools.gnu-tools-for-stm32.10.3-2021.10.win32_1.0.0.202111181127/tools/bin/../lib/gcc/arm-none-eabi/10.3.1/../../../../arm-none-eabi/lib/thumb/v7-m/nofp\libnosys.a
END GROUP
START GROUP
LOAD c:/st/stm32cubeide_1.9.0/stm32cubeide/plugins/com.st.stm32cube.ide.mcu.externaltools.gnu-tools-for-stm32.10.3-2021.10.win32_1.0.0.202111181127/tools/bin/../lib/gcc/arm-none-eabi/10.3.1/thumb/v7-m/nofp\libgcc.a
LOAD c:/st/stm32cubeide_1.9.0/stm32cubeide/plugins/com.st.stm32cube.ide.mcu.externaltools.gnu-tools-for-stm32.10.3-2021.10.win32_1.0.0.202111181127/tools/bin/../lib/gcc/arm-none-eabi/10.3.1/../../../../arm-none-eabi/lib/thumb/v7-m/nofp\libc_nano.a
LOAD c:/st/stm32cubeide_1.9.0/stm32cubeide/plugins/com.st.stm32cube.ide.mcu.externaltools.gnu-tools-for-stm32.10.3-2021.10.win32_1.0.0.202111181127/tools/bin/../lib/gcc/arm-none-eabi/10.3.1/../../../../arm-none-eabi/lib/thumb/v7-m/nofp\libnosys.a
END GROUP
LOAD c:/st/stm32cubeide_1.9.0/stm32cubeide/plugins/com.st.stm32cube.ide.mcu.externaltools.gnu-tools-for-stm32.10.3-2021.10.win32_1.0.0.202111181127/tools/bin/../lib/gcc/arm-none-eabi/10.3.1/thumb/v7-m/nofp/crtend.o
LOAD c:/st/stm32cubeide_1.9.0/stm32cubeide/plugins/com.st.stm32cube.ide.mcu.externaltools.gnu-tools-for-stm32.10.3-2021.10.win32_1.0.0.202111181127/tools/bin/../lib/gcc/arm-none-eabi/10.3.1/thumb/v7-m/nofp/crtn.o
                0x0000000020005000                _estack = (ORIGIN (RAM) + LENGTH (RAM))
                0x0000000000000200                _Min_Heap_Size = 0x200
                0x0000000000000400                _Min_Stack_Size = 0x400

.isr_vector     0x0000000008000000      0x130
                0x0000000008000000                . = ALIGN (0x4)
 *(.isr_vector)
 .isr_vector    0x0000000008000000      0x130 ./Startup/startup_stm32f103c8tx.o
                0x0000000008000000                g_pfnVectors
                0x0000000008000130                . = ALIGN (0x4)

.text           0x0000000008000130     0x2de4
                0x0000000008000130                . = ALIGN (0x4)
 *(.text)
 .text          0x0000000008000130       0x40 c:/st/stm32cubeide_1.9.0/stm32cubeide/plugins/com.st.stm32cube.ide.mcu.externaltools.gnu-tools-for-stm32.10.3-2021.10.win32_1.0.0.202111181127/tools/bin/../lib/gcc/arm-none-eabi/10.3.1/thumb/v7-m/nofp/crtbegin.o
 .text          0x0000000008000170      0x168 c:/st/stm32cubeide_1.9.0/stm32cubeide/plugins/com.st.stm32cube.ide.mcu.externaltools.gnu-tools-for-stm32.10.3-2021.10.win32_1.0.0.202111181127/tools/bin/../lib/gcc/arm-none-eabi/10.3.1/thumb/v7-m/nofp\libgcc.a(_arm_mulsf3.o)
                0x0000000008000170                __aeabi_fmul
                0x0000000008000170                __mulsf3
 .text          0x00000000080002d8      0x378 c:/st/stm32cubeide_1.9.0/stm32cubeide/plugins/com.st.stm32cube.ide.mcu.externaltools.gnu-tools-for-stm32.10.3-2021.10.win32_1.0.0.202111181127/tools/bin/../lib/gcc/arm-none-eabi/10.3.1/thumb/v7-m/nofp\libgcc.a(_arm_addsubdf3.o)
                0x00000000080002d8                __aeabi_drsub
                0x00000000080002e0                __aeabi_dsub
                0x00000000080002e0                __subdf3
                0x00000000080002e4                __aeabi_dadd
                0x00000000080002e4                __adddf3
                0x000000000800055c                __floatunsidf
                0x000000000800055c                __aeabi_ui2d
                0x000000000800057c                __floatsidf
                0x000000000800057c                __aeabi_i2d
                0x00000000080005a0                __aeabi_f2d
                0x00000000080005a0                __extendsfdf2
                0x00000000080005e4                __floatundidf
                0x00000000080005e4                __aeabi_ul2d
                0x00000000080005f4                __floatdidf
                0x00000000080005f4                __aeabi_l2d
 .text          0x0000000008000650      0x424 c:/st/stm32cubeide_1.9.0/stm32cubeide/plugins/com.st.stm32cube.ide.mcu.externaltools.gnu-tools-for-stm32.10.3-2021.10.win32_1.0.0.202111181127/tools/bin/../lib/gcc/arm-none-eabi/10.3.1/thumb/v7-m/nofp\libgcc.a(_arm_muldivdf3.o)
                0x0000000008000650                __aeabi_dmul
                0x0000000008000650                __muldf3
                0x00000000080008a4                __divdf3
                0x00000000080008a4                __aeabi_ddiv
 .text          0x0000000008000a74       0xa0 c:/st/stm32cubeide_1.9.0/stm32cubeide/plugins/com.st.stm32cube.ide.mcu.externaltools.gnu-tools-for-stm32.10.3-2021.10.win32_1.0.0.202111181127/tools/bin/../lib/gcc/arm-none-eabi/10.3.1/thumb/v7-m/nofp\libgcc.a(_arm_truncdfsf2.o)
                0x0000000008000a74                __truncdfsf2
                0x0000000008000a74                __aeabi_d2f
 .text          0x0000000008000b14      0x21c c:/st/stm32cubeide_1.9.0/stm32cubeide/plugins/com.st.stm32cube.ide.mcu.externaltools.gnu-tools-for-stm32.10.3-2021.10.win32_1.0.0.202111181127/tools/bin/../lib/gcc/arm-none-eabi/10.3.1/thumb/v7-m/nofp\libgcc.a(_arm_addsubsf3.o)
                0x0000000008000b14                __aeabi_frsub
                0x0000000008000b1c                __subsf3
                0x0000000008000b1c                __aeabi_fsub
                0x0000000008000b20                __aeabi_fadd
                0x0000000008000b20                __addsf3
                0x0000000008000c80                __aeabi_ui2f
                0x0000000008000c80                __floatunsisf
                0x0000000008000c88                __aeabi_i2f
                0x0000000008000c88                __floatsisf
                0x0000000008000ca4                __aeabi_ul2f
                0x0000000008000ca4                __floatundisf
                0x0000000008000cb4                __aeabi_l2f
                0x0000000008000cb4                __floatdisf
 .text          0x0000000008000d30       0xec c:/st/stm32cubeide_1.9.0/stm32cubeide/plugins/com.st.stm32cube.ide.mcu.externaltools.gnu-tools-for-stm32.10.3-2021.10.win32_1.0.0.202111181127/tools/bin/../lib/gcc/arm-none-eabi/10.3.1/thumb/v7-m/nofp\libgcc.a(_arm_cmpsf2.o)
                0x0000000008000d30                __gesf2
                0x0000000008000d30                __gtsf2
                0x0000000008000d38                __lesf2
                0x0000000008000d38                __ltsf2
                0x0000000008000d40                __nesf2
                0x0000000008000d40                __eqsf2
                0x0000000008000d40                __cmpsf2
                0x0000000008000da0                __aeabi_cfrcmple
                0x0000000008000da8                __aeabi_cfcmpeq
                0x0000000008000da8                __aeabi_cfcmple
                0x0000000008000db8                __aeabi_fcmpeq
                0x0000000008000dcc                __aeabi_fcmplt
                0x0000000008000de0                __aeabi_fcmple
                0x0000000008000df4                __aeabi_fcmpge
                0x0000000008000e08                __aeabi_fcmpgt
 .text          0x0000000008000e1c       0x4c c:/st/stm32cubeide_1.9.0/stm32cubeide/plugins/com.st.stm32cube.ide.mcu.externaltools.gnu-tools-for-stm32.10.3-2021.10.win32_1.0.0.202111181127/tools/bin/../lib/gcc/arm-none-eabi/10.3.1/thumb/v7-m/nofp\libgcc.a(_arm_fixsfsi.o)
                0x0000000008000e1c                __aeabi_f2iz
                0x0000000008000e1c                __fixsfsi
 .text          0x0000000008000e68       0x40 c:/st/stm32cubeide_1.9.0/stm32cubeide/plugins/com.st.stm32cube.ide.mcu.externaltools.gnu-tools-for-stm32.10.3-2021.10.win32_1.0.0.202111181127/tools/bin/../lib/gcc/arm-none-eabi/10.3.1/thumb/v7-m/nofp\libgcc.a(_arm_fixunssfsi.o)
                0x0000000008000e68                __fixunssfsi
                0x0000000008000e68                __aeabi_f2uiz
 *(.text*)
 .text.clock_init
                0x0000000008000ea8       0x6c ./Drivers/Src/Clk.o
                0x0000000008000ea8                clock_init
 .text.system_clock_set
                0x0000000008000f14       0xd4 ./Drivers/Src/Clk.o
                0x0000000008000f14                system_clock_set
 .text.pll_clk_config
                0x0000000008000fe8       0x54 ./Drivers/Src/Clk.o
                0x0000000008000fe8                pll_clk_config
 .text.ahb_clk_set
                0x000000000800103c       0x34 ./Drivers/Src/Clk.o
                0x000000000800103c                ahb_clk_set
 .text.apb1_clk_set
                0x0000000008001070       0x34 ./Drivers/Src/Clk.o
                0x0000000008001070                apb1_clk_set
 .text.apb2_clk_set
                0x00000000080010a4       0x34 ./Drivers/Src/Clk.o
                0x00000000080010a4                apb2_clk_set
 .text.apb2_peripheral_clock_en
                0x00000000080010d8       0x24 ./Drivers/Src/Clk.o
                0x00000000080010d8                apb2_peripheral_clock_en
 .text.apb1_peripheral_clock_en
                0x00000000080010fc       0x24 ./Drivers/Src/Clk.o
                0x00000000080010fc                apb1_peripheral_clock_en
 .text.ahb_peripheral_clock_en
                0x0000000008001120       0x24 ./Drivers/Src/Clk.o
                0x0000000008001120                ahb_peripheral_clock_en
 .text.apb_get_clock
                0x0000000008001144       0xf4 ./Drivers/Src/Clk.o
                0x0000000008001144                apb_get_clock
 .text.get_pll_clock
                0x0000000008001238       0x84 ./Drivers/Src/Clk.o
                0x0000000008001238                get_pll_clock
 .text.lsi_clock_en
                0x00000000080012bc       0x2c ./Drivers/Src/Clk.o
                0x00000000080012bc                lsi_clock_en
 .text.dmax_channel_init
                0x00000000080012e8      0x27c ./Drivers/Src/DMA.o
                0x00000000080012e8                dmax_channel_init
 .text.dma_counter_set
                0x0000000008001564       0x30 ./Drivers/Src/DMA.o
                0x0000000008001564                dma_counter_set
 .text.dma_channel_en
                0x0000000008001594       0x7a ./Drivers/Src/DMA.o
                0x0000000008001594                dma_channel_en
 .text.dma1_channel6_interrupt_handling
                0x000000000800160e       0x2e ./Drivers/Src/DMA.o
                0x000000000800160e                dma1_channel6_interrupt_handling
 .text.dma1_channel7_interrupt_handling
                0x000000000800163c       0x2e ./Drivers/Src/DMA.o
                0x000000000800163c                dma1_channel7_interrupt_handling
 *fill*         0x000000000800166a        0x2 
 .text.dma1_channel4_interrupt_handling
                0x000000000800166c       0x80 ./Drivers/Src/DMA.o
                0x000000000800166c                dma1_channel4_interrupt_handling
 .text.dma1_channel5_interrupt_handling
                0x00000000080016ec       0x3e ./Drivers/Src/DMA.o
                0x00000000080016ec                dma1_channel5_interrupt_handling
 *fill*         0x000000000800172a        0x2 
 .text.DMA1_Channel4_IRQHandler
                0x000000000800172c       0x18 ./Drivers/Src/DMA.o
                0x000000000800172c                DMA1_Channel4_IRQHandler
 .text.DMA1_Channel5_IRQHandler
                0x0000000008001744       0x18 ./Drivers/Src/DMA.o
                0x0000000008001744                DMA1_Channel5_IRQHandler
 .text.DMA1_Channel6_IRQHandler
                0x000000000800175c       0x18 ./Drivers/Src/DMA.o
                0x000000000800175c                DMA1_Channel6_IRQHandler
 .text.DMA1_Channel7_IRQHandler
                0x0000000008001774       0x18 ./Drivers/Src/DMA.o
                0x0000000008001774                DMA1_Channel7_IRQHandler
 .text.io_port  0x000000000800178c       0x20 ./Drivers/Src/GPIO.o
 .text.io_pin_bit
                0x00000000080017ac       0x1c ./Drivers/Src/GPIO.o
 .text.io_init  0x00000000080017c8       0x38 ./Drivers/Src/GPIO.o
                0x00000000080017c8                io_init
 .text.io_config
                0x0000000008001800       0x24 ./Drivers/Src/GPIO.o
                0x0000000008001800                io_config
 .text.io_set_io_mode
                0x0000000008001824       0xd4 ./Drivers/Src/GPIO.o
                0x0000000008001824                io_set_io_mode
 .text.io_set_out
                0x00000000080018f8       0x74 ./Drivers/Src/GPIO.o
                0x00000000080018f8                io_set_out
 .text.EXTI4_IRQHandler
                0x000000000800196c       0x50 ./Drivers/Src/GPIO.o
                0x000000000800196c                EXTI4_IRQHandler
 .text.i2cx_init
                0x00000000080019bc      0x20c ./Drivers/Src/I2C.o
                0x00000000080019bc                i2cx_init
 .text.write_7_bit_device_address
                0x0000000008001bc8       0x28 ./Drivers/Src/I2C.o
                0x0000000008001bc8                write_7_bit_device_address
 .text.send_stop
                0x0000000008001bf0       0x24 ./Drivers/Src/I2C.o
                0x0000000008001bf0                send_stop
 .text.get_flag_status_sr1
                0x0000000008001c14       0x28 ./Drivers/Src/I2C.o
                0x0000000008001c14                get_flag_status_sr1
 .text.get_flag_status_sr2
                0x0000000008001c3c       0x28 ./Drivers/Src/I2C.o
                0x0000000008001c3c                get_flag_status_sr2
 .text.i2c_ack_en
                0x0000000008001c64       0x1e ./Drivers/Src/I2C.o
                0x0000000008001c64                i2c_ack_en
 .text.i2c_ack_di
                0x0000000008001c82       0x1e ./Drivers/Src/I2C.o
                0x0000000008001c82                i2c_ack_di
 .text.clear_addr_bit
                0x0000000008001ca0       0x1e ./Drivers/Src/I2C.o
                0x0000000008001ca0                clear_addr_bit
 .text.i2cx_en  0x0000000008001cbe       0x1e ./Drivers/Src/I2C.o
                0x0000000008001cbe                i2cx_en
 .text.send_repeated_start
                0x0000000008001cdc       0x24 ./Drivers/Src/I2C.o
                0x0000000008001cdc                send_repeated_start
 .text.I2C2_EV_IRQHandler
                0x0000000008001d00       0xf0 ./Drivers/Src/I2C.o
                0x0000000008001d00                I2C2_EV_IRQHandler
 .text.i2c2_buffer_interrupt_handling
                0x0000000008001df0      0x1b4 ./Drivers/Src/I2C.o
                0x0000000008001df0                i2c2_buffer_interrupt_handling
 .text.i2cx_reset
                0x0000000008001fa4       0x38 ./Drivers/Src/I2C.o
                0x0000000008001fa4                i2cx_reset
 .text.nvic_en_irq
                0x0000000008001fdc       0x38 ./Drivers/Src/System.o
                0x0000000008001fdc                nvic_en_irq
 .text.timer_channel_init
                0x0000000008002014      0x3f4 ./Drivers/Src/Timer.o
                0x0000000008002014                timer_channel_init
 .text.get_timer_flag_status
                0x0000000008002408       0x28 ./Drivers/Src/Timer.o
                0x0000000008002408                get_timer_flag_status
 .text.TIM1_CC_IRQHandler
                0x0000000008002430       0x40 ./Drivers/Src/Timer.o
                0x0000000008002430                TIM1_CC_IRQHandler
 .text.uart_x_configure_parameter
                0x0000000008002470       0x50 ./Drivers/Src/UART.o
                0x0000000008002470                uart_x_configure_parameter
 .text.usart_init
                0x00000000080024c0       0x86 ./Drivers/Src/UART.o
                0x00000000080024c0                usart_init
 *fill*         0x0000000008002546        0x2 
 .text.usart_set_baudrate
                0x0000000008002548       0xc4 ./Drivers/Src/UART.o
                0x0000000008002548                usart_set_baudrate
 .text.usart_en
                0x000000000800260c       0x1e ./Drivers/Src/UART.o
                0x000000000800260c                usart_en
 .text.config_stop_bit
                0x000000000800262a       0x30 ./Drivers/Src/UART.o
                0x000000000800262a                config_stop_bit
 .text.config_data_word_len
                0x000000000800265a       0x24 ./Drivers/Src/UART.o
                0x000000000800265a                config_data_word_len
 .text.config_parity
                0x000000000800267e       0x3c ./Drivers/Src/UART.o
                0x000000000800267e                config_parity
 .text.get_flag_status
                0x00000000080026ba       0x28 ./Drivers/Src/UART.o
                0x00000000080026ba                get_flag_status
 *fill*         0x00000000080026e2        0x2 
 .text.usart_interrupt_handling
                0x00000000080026e4      0x224 ./Drivers/Src/UART.o
                0x00000000080026e4                usart_interrupt_handling
 .text.usart_rx_en
                0x0000000008002908       0x1e ./Drivers/Src/UART.o
                0x0000000008002908                usart_rx_en
 *fill*         0x0000000008002926        0x2 
 .text.usart_dma_mode_en_di
                0x0000000008002928       0x6c ./Drivers/Src/UART.o
                0x0000000008002928                usart_dma_mode_en_di
 .text.USART2_IRQHandler
                0x0000000008002994       0x14 ./Drivers/Src/UART.o
                0x0000000008002994                USART2_IRQHandler
 .text.mcu_init
                0x00000000080029a8       0x70 ./Drivers/Src/common.o
                0x00000000080029a8                mcu_init
 .text.round_off
                0x0000000008002a18       0x66 ./Drivers/Src/common.o
                0x0000000008002a18                round_off
 *fill*         0x0000000008002a7e        0x2 
 .text.spi_init
                0x0000000008002a80      0x29c ./Drivers/Src/spi.o
                0x0000000008002a80                spi_init
 .text.data_write
                0x0000000008002d1c       0x1a ./Drivers/Src/spi.o
                0x0000000008002d1c                data_write
 .text.data_read
                0x0000000008002d36       0x18 ./Drivers/Src/spi.o
                0x0000000008002d36                data_read
 .text.waite_for_sr_flag_to_set
                0x0000000008002d4e       0x28 ./Drivers/Src/spi.o
                0x0000000008002d4e                waite_for_sr_flag_to_set
 .text.spi_en_di
                0x0000000008002d76       0x36 ./Drivers/Src/spi.o
                0x0000000008002d76                spi_en_di
 .text.get_sr_flag_status
                0x0000000008002dac       0x28 ./Drivers/Src/spi.o
                0x0000000008002dac                get_sr_flag_status
 .text.read_id  0x0000000008002dd4       0x60 ./Src/bmp280.o
                0x0000000008002dd4                read_id
 .text.main     0x0000000008002e34       0x2c ./Src/main.o
                0x0000000008002e34                main
 .text.Reset_Handler
                0x0000000008002e60       0x50 ./Startup/startup_stm32f103c8tx.o
                0x0000000008002e60                Reset_Handler
 .text.Default_Handler
                0x0000000008002eb0        0x2 ./Startup/startup_stm32f103c8tx.o
                0x0000000008002eb0                EXTI2_IRQHandler
                0x0000000008002eb0                TIM8_TRG_COM_IRQHandler
                0x0000000008002eb0                TIM8_CC_IRQHandler
                0x0000000008002eb0                DebugMon_Handler
                0x0000000008002eb0                HardFault_Handler
                0x0000000008002eb0                TIM6_IRQHandler
                0x0000000008002eb0                SysTick_Handler
                0x0000000008002eb0                PVD_IRQHandler
                0x0000000008002eb0                SDIO_IRQHandler
                0x0000000008002eb0                PendSV_Handler
                0x0000000008002eb0                NMI_Handler
                0x0000000008002eb0                EXTI3_IRQHandler
                0x0000000008002eb0                USB_HP_CAN_TX_IRQHandler
                0x0000000008002eb0                EXTI0_IRQHandler
                0x0000000008002eb0                UsageFault_Handler
                0x0000000008002eb0                ADC1_2_IRQHandler
                0x0000000008002eb0                SPI1_IRQHandler
                0x0000000008002eb0                CAN_SCE_IRQHandler
                0x0000000008002eb0                TAMPER_IRQHandler
                0x0000000008002eb0                TIM8_UP_IRQHandler
                0x0000000008002eb0                DMA2_Channel2_IRQHandler
                0x0000000008002eb0                USART3_IRQHandler
                0x0000000008002eb0                RTC_IRQHandler
                0x0000000008002eb0                UART5_IRQHandler
                0x0000000008002eb0                ADC3_IRQHandler
                0x0000000008002eb0                TIM4_IRQHandler
                0x0000000008002eb0                CAN_RX1_IRQHandler
                0x0000000008002eb0                DMA2_Channel1_IRQHandler
                0x0000000008002eb0                I2C1_EV_IRQHandler
                0x0000000008002eb0                UART4_IRQHandler
                0x0000000008002eb0                TIM3_IRQHandler
                0x0000000008002eb0                RCC_IRQHandler
                0x0000000008002eb0                TIM1_TRG_COM_IRQHandler
                0x0000000008002eb0                DMA1_Channel1_IRQHandler
                0x0000000008002eb0                Default_Handler
                0x0000000008002eb0                EXTI15_10_IRQHandler
                0x0000000008002eb0                TIM7_IRQHandler
                0x0000000008002eb0                TIM5_IRQHandler
                0x0000000008002eb0                EXTI9_5_IRQHandler
                0x0000000008002eb0                SPI2_IRQHandler
                0x0000000008002eb0                USB_LP_CAN_RX0_IRQHandler
                0x0000000008002eb0                MemManage_Handler
                0x0000000008002eb0                SVC_Handler
                0x0000000008002eb0                DMA1_Channel3_IRQHandler
                0x0000000008002eb0                FSMC_IRQHandler
                0x0000000008002eb0                TIM1_UP_IRQHandler
                0x0000000008002eb0                WWDG_IRQHandler
                0x0000000008002eb0                TIM2_IRQHandler
                0x0000000008002eb0                TIM1_BRK_IRQHandler
                0x0000000008002eb0                EXTI1_IRQHandler
                0x0000000008002eb0                RTCAlarm_IRQHandler
                0x0000000008002eb0                DMA2_Channel4_5_IRQHandler
                0x0000000008002eb0                I2C2_ER_IRQHandler
                0x0000000008002eb0                DMA1_Channel2_IRQHandler
                0x0000000008002eb0                TIM8_BRK_IRQHandler
                0x0000000008002eb0                FLASH_IRQHandler
                0x0000000008002eb0                BusFault_Handler
                0x0000000008002eb0                USART1_IRQHandler
                0x0000000008002eb0                SPI3_IRQHandler
                0x0000000008002eb0                I2C1_ER_IRQHandler
                0x0000000008002eb0                DMA2_Channel3_IRQHandler
 *fill*         0x0000000008002eb2        0x2 
 .text.__libc_init_array
                0x0000000008002eb4       0x48 c:/st/stm32cubeide_1.9.0/stm32cubeide/plugins/com.st.stm32cube.ide.mcu.externaltools.gnu-tools-for-stm32.10.3-2021.10.win32_1.0.0.202111181127/tools/bin/../lib/gcc/arm-none-eabi/10.3.1/../../../../arm-none-eabi/lib/thumb/v7-m/nofp\libc_nano.a(lib_a-init.o)
                0x0000000008002eb4                __libc_init_array
 *(.glue_7)
 .glue_7        0x0000000008002efc        0x0 linker stubs
 *(.glue_7t)
 .glue_7t       0x0000000008002efc        0x0 linker stubs
 *(.eh_frame)
 .eh_frame      0x0000000008002efc        0x0 c:/st/stm32cubeide_1.9.0/stm32cubeide/plugins/com.st.stm32cube.ide.mcu.externaltools.gnu-tools-for-stm32.10.3-2021.10.win32_1.0.0.202111181127/tools/bin/../lib/gcc/arm-none-eabi/10.3.1/thumb/v7-m/nofp/crtbegin.o
 *(.init)
 .init          0x0000000008002efc        0x4 c:/st/stm32cubeide_1.9.0/stm32cubeide/plugins/com.st.stm32cube.ide.mcu.externaltools.gnu-tools-for-stm32.10.3-2021.10.win32_1.0.0.202111181127/tools/bin/../lib/gcc/arm-none-eabi/10.3.1/thumb/v7-m/nofp/crti.o
                0x0000000008002efc                _init
 .init          0x0000000008002f00        0x8 c:/st/stm32cubeide_1.9.0/stm32cubeide/plugins/com.st.stm32cube.ide.mcu.externaltools.gnu-tools-for-stm32.10.3-2021.10.win32_1.0.0.202111181127/tools/bin/../lib/gcc/arm-none-eabi/10.3.1/thumb/v7-m/nofp/crtn.o
 *(.fini)
 .fini          0x0000000008002f08        0x4 c:/st/stm32cubeide_1.9.0/stm32cubeide/plugins/com.st.stm32cube.ide.mcu.externaltools.gnu-tools-for-stm32.10.3-2021.10.win32_1.0.0.202111181127/tools/bin/../lib/gcc/arm-none-eabi/10.3.1/thumb/v7-m/nofp/crti.o
                0x0000000008002f08                _fini
 .fini          0x0000000008002f0c        0x8 c:/st/stm32cubeide_1.9.0/stm32cubeide/plugins/com.st.stm32cube.ide.mcu.externaltools.gnu-tools-for-stm32.10.3-2021.10.win32_1.0.0.202111181127/tools/bin/../lib/gcc/arm-none-eabi/10.3.1/thumb/v7-m/nofp/crtn.o
                0x0000000008002f14                . = ALIGN (0x4)
                0x0000000008002f14                _etext = .

.vfp11_veneer   0x0000000008002f14        0x0
 .vfp11_veneer  0x0000000008002f14        0x0 linker stubs

.v4_bx          0x0000000008002f14        0x0
 .v4_bx         0x0000000008002f14        0x0 linker stubs

.iplt           0x0000000008002f14        0x0
 .iplt          0x0000000008002f14        0x0 c:/st/stm32cubeide_1.9.0/stm32cubeide/plugins/com.st.stm32cube.ide.mcu.externaltools.gnu-tools-for-stm32.10.3-2021.10.win32_1.0.0.202111181127/tools/bin/../lib/gcc/arm-none-eabi/10.3.1/thumb/v7-m/nofp/crtbegin.o

.rel.dyn        0x0000000008002f14        0x0
 .rel.iplt      0x0000000008002f14        0x0 c:/st/stm32cubeide_1.9.0/stm32cubeide/plugins/com.st.stm32cube.ide.mcu.externaltools.gnu-tools-for-stm32.10.3-2021.10.win32_1.0.0.202111181127/tools/bin/../lib/gcc/arm-none-eabi/10.3.1/thumb/v7-m/nofp/crtbegin.o

.rodata         0x0000000008002f14        0x0
                0x0000000008002f14                . = ALIGN (0x4)
 *(.rodata)
 *(.rodata*)
                0x0000000008002f14                . = ALIGN (0x4)

.ARM.extab      0x0000000008002f14        0x0
                0x0000000008002f14                . = ALIGN (0x4)
 *(.ARM.extab* .gnu.linkonce.armextab.*)
                0x0000000008002f14                . = ALIGN (0x4)

.ARM            0x0000000008002f14        0x0
                0x0000000008002f14                . = ALIGN (0x4)
                0x0000000008002f14                __exidx_start = .
 *(.ARM.exidx*)
                0x0000000008002f14                __exidx_end = .
                0x0000000008002f14                . = ALIGN (0x4)

.preinit_array  0x0000000008002f14        0x0
                0x0000000008002f14                . = ALIGN (0x4)
                0x0000000008002f14                PROVIDE (__preinit_array_start = .)
 *(.preinit_array*)
                0x0000000008002f14                PROVIDE (__preinit_array_end = .)
                0x0000000008002f14                . = ALIGN (0x4)

.init_array     0x0000000008002f14        0x4
                0x0000000008002f14                . = ALIGN (0x4)
                0x0000000008002f14                PROVIDE (__init_array_start = .)
 *(SORT_BY_NAME(.init_array.*))
 *(.init_array*)
 .init_array    0x0000000008002f14        0x4 c:/st/stm32cubeide_1.9.0/stm32cubeide/plugins/com.st.stm32cube.ide.mcu.externaltools.gnu-tools-for-stm32.10.3-2021.10.win32_1.0.0.202111181127/tools/bin/../lib/gcc/arm-none-eabi/10.3.1/thumb/v7-m/nofp/crtbegin.o
                0x0000000008002f18                PROVIDE (__init_array_end = .)
                0x0000000008002f18                . = ALIGN (0x4)

.fini_array     0x0000000008002f18        0x4
                0x0000000008002f18                . = ALIGN (0x4)
                [!provide]                        PROVIDE (__fini_array_start = .)
 *(SORT_BY_NAME(.fini_array.*))
 *(.fini_array*)
 .fini_array    0x0000000008002f18        0x4 c:/st/stm32cubeide_1.9.0/stm32cubeide/plugins/com.st.stm32cube.ide.mcu.externaltools.gnu-tools-for-stm32.10.3-2021.10.win32_1.0.0.202111181127/tools/bin/../lib/gcc/arm-none-eabi/10.3.1/thumb/v7-m/nofp/crtbegin.o
                [!provide]                        PROVIDE (__fini_array_end = .)
                0x0000000008002f1c                . = ALIGN (0x4)
                0x0000000008002f1c                _sidata = LOADADDR (.data)

.data           0x0000000020000000      0x1c4 load address 0x0000000008002f1c
                0x0000000020000000                . = ALIGN (0x4)
                0x0000000020000000                _sdata = .
 *(.data)
 *(.data*)
 .data.clock_setting
                0x0000000020000000        0x6 ./Drivers/Src/Clk.o
                0x0000000020000000                clock_setting
 *fill*         0x0000000020000006        0x2 
 .data.p        0x0000000020000008        0x4 ./Drivers/Src/Clk.o
                0x0000000020000008                p
 .data.ahb_prescaler_1
                0x000000002000000c       0x10 ./Drivers/Src/Clk.o
                0x000000002000000c                ahb_prescaler_1
 .data.apb_prescaler_1
                0x000000002000001c        0x8 ./Drivers/Src/Clk.o
                0x000000002000001c                apb_prescaler_1
 .data.pll_multiplier
                0x0000000020000024       0x10 ./Drivers/Src/Clk.o
                0x0000000020000024                pll_multiplier
 .data.dma1_channel_configuration
                0x0000000020000034       0xa8 ./Drivers/Src/DMA.o
                0x0000000020000034                dma1_channel_configuration
 .data.io_initial_config
                0x00000000200000dc       0x60 ./Drivers/Src/GPIO.o
                0x00000000200000dc                io_initial_config
 .data.i2c_channel
                0x000000002000013c       0x28 ./Drivers/Src/I2C.o
                0x000000002000013c                i2c_channel
 .data.timer1_channel_x_config
                0x0000000020000164       0x58 ./Drivers/Src/Timer.o
                0x0000000020000164                timer1_channel_x_config
 .data.spi_x    0x00000000200001bc        0x6 ./Drivers/Src/spi.o
                0x00000000200001bc                spi_x
 *(.RamFunc)
 *(.RamFunc*)
                0x00000000200001c4                . = ALIGN (0x4)
 *fill*         0x00000000200001c2        0x2 
                0x00000000200001c4                _edata = .

.igot.plt       0x00000000200001c4        0x0 load address 0x00000000080030e0
 .igot.plt      0x00000000200001c4        0x0 c:/st/stm32cubeide_1.9.0/stm32cubeide/plugins/com.st.stm32cube.ide.mcu.externaltools.gnu-tools-for-stm32.10.3-2021.10.win32_1.0.0.202111181127/tools/bin/../lib/gcc/arm-none-eabi/10.3.1/thumb/v7-m/nofp/crtbegin.o
                0x00000000200001c4                . = ALIGN (0x4)

.bss            0x00000000200001c4      0x1e0 load address 0x00000000080030e0
                0x00000000200001c4                _sbss = .
                0x00000000200001c4                __bss_start__ = _sbss
 *(.bss)
 .bss           0x00000000200001c4       0x1c c:/st/stm32cubeide_1.9.0/stm32cubeide/plugins/com.st.stm32cube.ide.mcu.externaltools.gnu-tools-for-stm32.10.3-2021.10.win32_1.0.0.202111181127/tools/bin/../lib/gcc/arm-none-eabi/10.3.1/thumb/v7-m/nofp/crtbegin.o
 *(.bss*)
 .bss.flag_led_on
                0x00000000200001e0        0x1 ./Drivers/Src/GPIO.o
                0x00000000200001e0                flag_led_on
 .bss.pin       0x00000000200001e1        0x1 ./Drivers/Src/GPIO.o
                0x00000000200001e1                pin
 *fill*         0x00000000200001e2        0x2 
 .bss.eeprom_buffer
                0x00000000200001e4       0x40 ./Drivers/Src/I2C.o
                0x00000000200001e4                eeprom_buffer
 .bss.transmit_len
                0x0000000020000224        0x1 ./Drivers/Src/I2C.o
                0x0000000020000224                transmit_len
 *fill*         0x0000000020000225        0x3 
 .bss.rx_i2c_buffer
                0x0000000020000228        0x3 ./Drivers/Src/I2C.o
                0x0000000020000228                rx_i2c_buffer
 .bss.receive_len
                0x000000002000022b        0x1 ./Drivers/Src/I2C.o
                0x000000002000022b                receive_len
 .bss.flag_send_write_address
                0x000000002000022c        0x1 ./Drivers/Src/I2C.o
                0x000000002000022c                flag_send_write_address
 .bss.flag_interrupt_based_read
                0x000000002000022d        0x1 ./Drivers/Src/I2C.o
                0x000000002000022d                flag_interrupt_based_read
 .bss.flag_temp
                0x000000002000022e        0x1 ./Drivers/Src/I2C.o
                0x000000002000022e                flag_temp
 .bss.flag_read_multiple_byte
                0x000000002000022f        0x1 ./Drivers/Src/I2C.o
                0x000000002000022f                flag_read_multiple_byte
 .bss.flag_dma_based_read
                0x0000000020000230        0x1 ./Drivers/Src/I2C.o
                0x0000000020000230                flag_dma_based_read
 .bss.temp_transmit_len
                0x0000000020000231        0x1 ./Drivers/Src/I2C.o
                0x0000000020000231                temp_transmit_len
 .bss.i.1       0x0000000020000232        0x1 ./Drivers/Src/I2C.o
 .bss.j.0       0x0000000020000233        0x1 ./Drivers/Src/I2C.o
 .bss.capture_value
                0x0000000020000234        0x2 ./Drivers/Src/Timer.o
                0x0000000020000234                capture_value
 .bss.flag_send_data
                0x0000000020000236        0x1 ./Drivers/Src/Timer.o
                0x0000000020000236                flag_send_data
 *fill*         0x0000000020000237        0x1 
 .bss.tx_buffer_data
                0x0000000020000238       0x50 ./Drivers/Src/UART.o
                0x0000000020000238                tx_buffer_data
 .bss.rx_buffer_data
                0x0000000020000288       0x50 ./Drivers/Src/UART.o
                0x0000000020000288                rx_buffer_data
 .bss.tc_buffer
                0x00000000200002d8       0x50 ./Drivers/Src/UART.o
                0x00000000200002d8                tc_buffer
 .bss.tc_buffer_index
                0x0000000020000328        0x1 ./Drivers/Src/UART.o
                0x0000000020000328                tc_buffer_index
 *fill*         0x0000000020000329        0x3 
 .bss.txe_buffer
                0x000000002000032c       0x50 ./Drivers/Src/UART.o
                0x000000002000032c                txe_buffer
 .bss.txe_buffer_index
                0x000000002000037c        0x1 ./Drivers/Src/UART.o
                0x000000002000037c                txe_buffer_index
 *fill*         0x000000002000037d        0x3 
 .bss.usart_2_handle
                0x0000000020000380       0x20 ./Drivers/Src/UART.o
                0x0000000020000380                usart_2_handle
 .bss.txe_counter
                0x00000000200003a0        0x1 ./Drivers/Src/UART.o
                0x00000000200003a0                txe_counter
 *(COMMON)
                0x00000000200003a4                . = ALIGN (0x4)
 *fill*         0x00000000200003a1        0x3 
                0x00000000200003a4                _ebss = .
                0x00000000200003a4                __bss_end__ = _ebss

._user_heap_stack
                0x00000000200003a4      0x604 load address 0x00000000080030e0
                0x00000000200003a8                . = ALIGN (0x8)
 *fill*         0x00000000200003a4        0x4 
                [!provide]                        PROVIDE (end = .)
                0x00000000200003a8                PROVIDE (_end = .)
                0x00000000200005a8                . = (. + _Min_Heap_Size)
 *fill*         0x00000000200003a8      0x200 
                0x00000000200009a8                . = (. + _Min_Stack_Size)
 *fill*         0x00000000200005a8      0x400 
                0x00000000200009a8                . = ALIGN (0x8)

/DISCARD/
 libc.a(*)
 libm.a(*)
 libgcc.a(*)

.ARM.attributes
                0x0000000000000000       0x29
 *(.ARM.attributes)
 .ARM.attributes
                0x0000000000000000       0x1d c:/st/stm32cubeide_1.9.0/stm32cubeide/plugins/com.st.stm32cube.ide.mcu.externaltools.gnu-tools-for-stm32.10.3-2021.10.win32_1.0.0.202111181127/tools/bin/../lib/gcc/arm-none-eabi/10.3.1/thumb/v7-m/nofp/crti.o
 .ARM.attributes
                0x000000000000001d       0x2d c:/st/stm32cubeide_1.9.0/stm32cubeide/plugins/com.st.stm32cube.ide.mcu.externaltools.gnu-tools-for-stm32.10.3-2021.10.win32_1.0.0.202111181127/tools/bin/../lib/gcc/arm-none-eabi/10.3.1/thumb/v7-m/nofp/crtbegin.o
 .ARM.attributes
                0x000000000000004a       0x2d ./Drivers/Src/Clk.o
 .ARM.attributes
                0x0000000000000077       0x2d ./Drivers/Src/DMA.o
 .ARM.attributes
                0x00000000000000a4       0x2d ./Drivers/Src/GPIO.o
 .ARM.attributes
                0x00000000000000d1       0x2d ./Drivers/Src/I2C.o
 .ARM.attributes
                0x00000000000000fe       0x2d ./Drivers/Src/System.o
 .ARM.attributes
                0x000000000000012b       0x2d ./Drivers/Src/Timer.o
 .ARM.attributes
                0x0000000000000158       0x2d ./Drivers/Src/UART.o
 .ARM.attributes
                0x0000000000000185       0x2d ./Drivers/Src/common.o
 .ARM.attributes
                0x00000000000001b2       0x2d ./Drivers/Src/spi.o
 .ARM.attributes
                0x00000000000001df       0x2d ./Src/bmp280.o
 .ARM.attributes
                0x000000000000020c       0x2d ./Src/main.o
 .ARM.attributes
                0x0000000000000239       0x21 ./Startup/startup_stm32f103c8tx.o
 .ARM.attributes
                0x000000000000025a       0x2d c:/st/stm32cubeide_1.9.0/stm32cubeide/plugins/com.st.stm32cube.ide.mcu.externaltools.gnu-tools-for-stm32.10.3-2021.10.win32_1.0.0.202111181127/tools/bin/../lib/gcc/arm-none-eabi/10.3.1/../../../../arm-none-eabi/lib/thumb/v7-m/nofp\libc_nano.a(lib_a-init.o)
 .ARM.attributes
                0x0000000000000287       0x1d c:/st/stm32cubeide_1.9.0/stm32cubeide/plugins/com.st.stm32cube.ide.mcu.externaltools.gnu-tools-for-stm32.10.3-2021.10.win32_1.0.0.202111181127/tools/bin/../lib/gcc/arm-none-eabi/10.3.1/thumb/v7-m/nofp\libgcc.a(_arm_mulsf3.o)
 .ARM.attributes
                0x00000000000002a4       0x1d c:/st/stm32cubeide_1.9.0/stm32cubeide/plugins/com.st.stm32cube.ide.mcu.externaltools.gnu-tools-for-stm32.10.3-2021.10.win32_1.0.0.202111181127/tools/bin/../lib/gcc/arm-none-eabi/10.3.1/thumb/v7-m/nofp\libgcc.a(_arm_addsubdf3.o)
 .ARM.attributes
                0x00000000000002c1       0x1d c:/st/stm32cubeide_1.9.0/stm32cubeide/plugins/com.st.stm32cube.ide.mcu.externaltools.gnu-tools-for-stm32.10.3-2021.10.win32_1.0.0.202111181127/tools/bin/../lib/gcc/arm-none-eabi/10.3.1/thumb/v7-m/nofp\libgcc.a(_arm_muldivdf3.o)
 .ARM.attributes
                0x00000000000002de       0x1d c:/st/stm32cubeide_1.9.0/stm32cubeide/plugins/com.st.stm32cube.ide.mcu.externaltools.gnu-tools-for-stm32.10.3-2021.10.win32_1.0.0.202111181127/tools/bin/../lib/gcc/arm-none-eabi/10.3.1/thumb/v7-m/nofp\libgcc.a(_arm_truncdfsf2.o)
 .ARM.attributes
                0x00000000000002fb       0x1d c:/st/stm32cubeide_1.9.0/stm32cubeide/plugins/com.st.stm32cube.ide.mcu.externaltools.gnu-tools-for-stm32.10.3-2021.10.win32_1.0.0.202111181127/tools/bin/../lib/gcc/arm-none-eabi/10.3.1/thumb/v7-m/nofp\libgcc.a(_arm_addsubsf3.o)
 .ARM.attributes
                0x0000000000000318       0x1d c:/st/stm32cubeide_1.9.0/stm32cubeide/plugins/com.st.stm32cube.ide.mcu.externaltools.gnu-tools-for-stm32.10.3-2021.10.win32_1.0.0.202111181127/tools/bin/../lib/gcc/arm-none-eabi/10.3.1/thumb/v7-m/nofp\libgcc.a(_arm_cmpsf2.o)
 .ARM.attributes
                0x0000000000000335       0x1d c:/st/stm32cubeide_1.9.0/stm32cubeide/plugins/com.st.stm32cube.ide.mcu.externaltools.gnu-tools-for-stm32.10.3-2021.10.win32_1.0.0.202111181127/tools/bin/../lib/gcc/arm-none-eabi/10.3.1/thumb/v7-m/nofp\libgcc.a(_arm_fixsfsi.o)
 .ARM.attributes
                0x0000000000000352       0x1d c:/st/stm32cubeide_1.9.0/stm32cubeide/plugins/com.st.stm32cube.ide.mcu.externaltools.gnu-tools-for-stm32.10.3-2021.10.win32_1.0.0.202111181127/tools/bin/../lib/gcc/arm-none-eabi/10.3.1/thumb/v7-m/nofp\libgcc.a(_arm_fixunssfsi.o)
 .ARM.attributes
                0x000000000000036f       0x1d c:/st/stm32cubeide_1.9.0/stm32cubeide/plugins/com.st.stm32cube.ide.mcu.externaltools.gnu-tools-for-stm32.10.3-2021.10.win32_1.0.0.202111181127/tools/bin/../lib/gcc/arm-none-eabi/10.3.1/thumb/v7-m/nofp/crtn.o
OUTPUT(001_Pulse_Generating_Card_20241129.elf elf32-littlearm)
LOAD linker stubs
LOAD c:/st/stm32cubeide_1.9.0/stm32cubeide/plugins/com.st.stm32cube.ide.mcu.externaltools.gnu-tools-for-stm32.10.3-2021.10.win32_1.0.0.202111181127/tools/bin/../lib/gcc/arm-none-eabi/10.3.1/../../../../arm-none-eabi/lib/thumb/v7-m/nofp\libc.a
LOAD c:/st/stm32cubeide_1.9.0/stm32cubeide/plugins/com.st.stm32cube.ide.mcu.externaltools.gnu-tools-for-stm32.10.3-2021.10.win32_1.0.0.202111181127/tools/bin/../lib/gcc/arm-none-eabi/10.3.1/../../../../arm-none-eabi/lib/thumb/v7-m/nofp\libm.a
LOAD c:/st/stm32cubeide_1.9.0/stm32cubeide/plugins/com.st.stm32cube.ide.mcu.externaltools.gnu-tools-for-stm32.10.3-2021.10.win32_1.0.0.202111181127/tools/bin/../lib/gcc/arm-none-eabi/10.3.1/thumb/v7-m/nofp\libgcc.a

.debug_info     0x0000000000000000     0x4841
 .debug_info    0x0000000000000000      0x73c ./Drivers/Src/Clk.o
 .debug_info    0x000000000000073c      0x852 ./Drivers/Src/DMA.o
 .debug_info    0x0000000000000f8e      0x854 ./Drivers/Src/GPIO.o
 .debug_info    0x00000000000017e2      0xb3b ./Drivers/Src/I2C.o
 .debug_info    0x000000000000231d      0x186 ./Drivers/Src/System.o
 .debug_info    0x00000000000024a3      0x5f5 ./Drivers/Src/Timer.o
 .debug_info    0x0000000000002a98      0xa8e ./Drivers/Src/UART.o
 .debug_info    0x0000000000003526      0x649 ./Drivers/Src/common.o
 .debug_info    0x0000000000003b6f      0x5b8 ./Drivers/Src/spi.o
 .debug_info    0x0000000000004127      0x248 ./Src/bmp280.o
 .debug_info    0x000000000000436f      0x4b0 ./Src/main.o
 .debug_info    0x000000000000481f       0x22 ./Startup/startup_stm32f103c8tx.o

.debug_abbrev   0x0000000000000000     0x1116
 .debug_abbrev  0x0000000000000000      0x1d2 ./Drivers/Src/Clk.o
 .debug_abbrev  0x00000000000001d2      0x1a2 ./Drivers/Src/DMA.o
 .debug_abbrev  0x0000000000000374      0x1ec ./Drivers/Src/GPIO.o
 .debug_abbrev  0x0000000000000560      0x20e ./Drivers/Src/I2C.o
 .debug_abbrev  0x000000000000076e       0xc8 ./Drivers/Src/System.o
 .debug_abbrev  0x0000000000000836      0x19a ./Drivers/Src/Timer.o
 .debug_abbrev  0x00000000000009d0      0x257 ./Drivers/Src/UART.o
 .debug_abbrev  0x0000000000000c27      0x147 ./Drivers/Src/common.o
 .debug_abbrev  0x0000000000000d6e      0x167 ./Drivers/Src/spi.o
 .debug_abbrev  0x0000000000000ed5      0x101 ./Src/bmp280.o
 .debug_abbrev  0x0000000000000fd6      0x12e ./Src/main.o
 .debug_abbrev  0x0000000000001104       0x12 ./Startup/startup_stm32f103c8tx.o

.debug_aranges  0x0000000000000000      0x430
 .debug_aranges
                0x0000000000000000       0x80 ./Drivers/Src/Clk.o
 .debug_aranges
                0x0000000000000080       0x70 ./Drivers/Src/DMA.o
 .debug_aranges
                0x00000000000000f0       0x68 ./Drivers/Src/GPIO.o
 .debug_aranges
                0x0000000000000158       0xb8 ./Drivers/Src/I2C.o
 .debug_aranges
                0x0000000000000210       0x20 ./Drivers/Src/System.o
 .debug_aranges
                0x0000000000000230       0x48 ./Drivers/Src/Timer.o
 .debug_aranges
                0x0000000000000278       0xc8 ./Drivers/Src/UART.o
 .debug_aranges
                0x0000000000000340       0x28 ./Drivers/Src/common.o
 .debug_aranges
                0x0000000000000368       0x58 ./Drivers/Src/spi.o
 .debug_aranges
                0x00000000000003c0       0x28 ./Src/bmp280.o
 .debug_aranges
                0x00000000000003e8       0x20 ./Src/main.o
 .debug_aranges
                0x0000000000000408       0x28 ./Startup/startup_stm32f103c8tx.o

.debug_ranges   0x0000000000000000      0x378
 .debug_ranges  0x0000000000000000       0x70 ./Drivers/Src/Clk.o
 .debug_ranges  0x0000000000000070       0x60 ./Drivers/Src/DMA.o
 .debug_ranges  0x00000000000000d0       0x58 ./Drivers/Src/GPIO.o
 .debug_ranges  0x0000000000000128       0xa8 ./Drivers/Src/I2C.o
 .debug_ranges  0x00000000000001d0       0x10 ./Drivers/Src/System.o
 .debug_ranges  0x00000000000001e0       0x38 ./Drivers/Src/Timer.o
 .debug_ranges  0x0000000000000218       0xb8 ./Drivers/Src/UART.o
 .debug_ranges  0x00000000000002d0       0x18 ./Drivers/Src/common.o
 .debug_ranges  0x00000000000002e8       0x48 ./Drivers/Src/spi.o
 .debug_ranges  0x0000000000000330       0x18 ./Src/bmp280.o
 .debug_ranges  0x0000000000000348       0x10 ./Src/main.o
 .debug_ranges  0x0000000000000358       0x20 ./Startup/startup_stm32f103c8tx.o

.debug_macro    0x0000000000000000     0x3912
 .debug_macro   0x0000000000000000       0xf7 ./Drivers/Src/Clk.o
 .debug_macro   0x00000000000000f7      0xa72 ./Drivers/Src/Clk.o
 .debug_macro   0x0000000000000b69       0x22 ./Drivers/Src/Clk.o
 .debug_macro   0x0000000000000b8b       0x8e ./Drivers/Src/Clk.o
 .debug_macro   0x0000000000000c19       0x51 ./Drivers/Src/Clk.o
 .debug_macro   0x0000000000000c6a      0x103 ./Drivers/Src/Clk.o
 .debug_macro   0x0000000000000d6d       0x6a ./Drivers/Src/Clk.o
 .debug_macro   0x0000000000000dd7      0x1df ./Drivers/Src/Clk.o
 .debug_macro   0x0000000000000fb6      0x17e ./Drivers/Src/Clk.o
 .debug_macro   0x0000000000001134       0x28 ./Drivers/Src/Clk.o
 .debug_macro   0x000000000000115c       0x2e ./Drivers/Src/Clk.o
 .debug_macro   0x000000000000118a      0x16c ./Drivers/Src/Clk.o
 .debug_macro   0x00000000000012f6      0x236 ./Drivers/Src/Clk.o
 .debug_macro   0x000000000000152c      0x100 ./Drivers/Src/Clk.o
 .debug_macro   0x000000000000162c       0x46 ./Drivers/Src/Clk.o
 .debug_macro   0x0000000000001672      0x1c0 ./Drivers/Src/Clk.o
 .debug_macro   0x0000000000001832       0xe7 ./Drivers/Src/Clk.o
 .debug_macro   0x0000000000001919       0xf1 ./Drivers/Src/DMA.o
 .debug_macro   0x0000000000001a0a       0xed ./Drivers/Src/DMA.o
 .debug_macro   0x0000000000001af7       0x40 ./Drivers/Src/DMA.o
 .debug_macro   0x0000000000001b37      0x133 ./Drivers/Src/GPIO.o
 .debug_macro   0x0000000000001c6a       0x28 ./Drivers/Src/GPIO.o
 .debug_macro   0x0000000000001c92      0x11b ./Drivers/Src/I2C.o
 .debug_macro   0x0000000000001dad       0xfa ./Drivers/Src/I2C.o
 .debug_macro   0x0000000000001ea7       0xf1 ./Drivers/Src/System.o
 .debug_macro   0x0000000000001f98       0xf1 ./Drivers/Src/Timer.o
 .debug_macro   0x0000000000002089      0x230 ./Drivers/Src/Timer.o
 .debug_macro   0x00000000000022b9       0xf1 ./Drivers/Src/UART.o
 .debug_macro   0x00000000000023aa      0x166 ./Drivers/Src/UART.o
 .debug_macro   0x0000000000002510       0xeb ./Drivers/Src/common.o
 .debug_macro   0x00000000000025fb       0xf1 ./Drivers/Src/spi.o
 .debug_macro   0x00000000000026ec      0x1ba ./Drivers/Src/spi.o
 .debug_macro   0x00000000000028a6       0xfb ./Src/bmp280.o
 .debug_macro   0x00000000000029a1      0x264 ./Src/main.o
 .debug_macro   0x0000000000002c05       0x4c ./Src/main.o
 .debug_macro   0x0000000000002c51       0x18 ./Src/main.o
 .debug_macro   0x0000000000002c69       0x94 ./Src/main.o
 .debug_macro   0x0000000000002cfd       0x3c ./Src/main.o
 .debug_macro   0x0000000000002d39       0x34 ./Src/main.o
 .debug_macro   0x0000000000002d6d       0x16 ./Src/main.o
 .debug_macro   0x0000000000002d83       0x57 ./Src/main.o
 .debug_macro   0x0000000000002dda       0x97 ./Src/main.o
 .debug_macro   0x0000000000002e71      0x341 ./Src/main.o
 .debug_macro   0x00000000000031b2       0xfd ./Src/main.o
 .debug_macro   0x00000000000032af       0x10 ./Src/main.o
 .debug_macro   0x00000000000032bf       0x16 ./Src/main.o
 .debug_macro   0x00000000000032d5       0x43 ./Src/main.o
 .debug_macro   0x0000000000003318       0x34 ./Src/main.o
 .debug_macro   0x000000000000334c       0x10 ./Src/main.o
 .debug_macro   0x000000000000335c       0x58 ./Src/main.o
 .debug_macro   0x00000000000033b4       0x71 ./Src/main.o
 .debug_macro   0x0000000000003425       0x1c ./Src/main.o
 .debug_macro   0x0000000000003441      0x12a ./Src/main.o
 .debug_macro   0x000000000000356b       0x10 ./Src/main.o
 .debug_macro   0x000000000000357b       0x1c ./Src/main.o
 .debug_macro   0x0000000000003597       0x52 ./Src/main.o
 .debug_macro   0x00000000000035e9       0x22 ./Src/main.o
 .debug_macro   0x000000000000360b       0x10 ./Src/main.o
 .debug_macro   0x000000000000361b       0x52 ./Src/main.o
 .debug_macro   0x000000000000366d       0xd5 ./Src/main.o
 .debug_macro   0x0000000000003742       0x1c ./Src/main.o
 .debug_macro   0x000000000000375e       0x3d ./Src/main.o
 .debug_macro   0x000000000000379b       0x16 ./Src/main.o
 .debug_macro   0x00000000000037b1      0x145 ./Src/main.o
 .debug_macro   0x00000000000038f6       0x1c ./Src/main.o

.debug_line     0x0000000000000000     0x4601
 .debug_line    0x0000000000000000      0x6ee ./Drivers/Src/Clk.o
 .debug_line    0x00000000000006ee      0x637 ./Drivers/Src/DMA.o
 .debug_line    0x0000000000000d25      0x667 ./Drivers/Src/GPIO.o
 .debug_line    0x000000000000138c      0x883 ./Drivers/Src/I2C.o
 .debug_line    0x0000000000001c0f      0x469 ./Drivers/Src/System.o
 .debug_line    0x0000000000002078      0x633 ./Drivers/Src/Timer.o
 .debug_line    0x00000000000026ab      0x982 ./Drivers/Src/UART.o
 .debug_line    0x000000000000302d      0x49c ./Drivers/Src/common.o
 .debug_line    0x00000000000034c9      0x5bd ./Drivers/Src/spi.o
 .debug_line    0x0000000000003a86      0x490 ./Src/bmp280.o
 .debug_line    0x0000000000003f16      0x667 ./Src/main.o
 .debug_line    0x000000000000457d       0x84 ./Startup/startup_stm32f103c8tx.o

.debug_str      0x0000000000000000     0xc3d2
 .debug_str     0x0000000000000000     0x6611 ./Drivers/Src/Clk.o
                                       0x67f3 (size before relaxing)
 .debug_str     0x0000000000006611      0x4c6 ./Drivers/Src/DMA.o
                                       0x6890 (size before relaxing)
 .debug_str     0x0000000000006ad7      0x750 ./Drivers/Src/GPIO.o
                                       0x6be5 (size before relaxing)
 .debug_str     0x0000000000007227      0x86c ./Drivers/Src/I2C.o
                                       0x6e56 (size before relaxing)
 .debug_str     0x0000000000007a93       0x4a ./Drivers/Src/System.o
                                       0x63b4 (size before relaxing)
 .debug_str     0x0000000000007add      0x239 ./Drivers/Src/Timer.o
                                       0x66fd (size before relaxing)
 .debug_str     0x0000000000007d16      0x36b ./Drivers/Src/UART.o
                                       0x68e3 (size before relaxing)
 .debug_str     0x0000000000008081       0x69 ./Drivers/Src/common.o
                                       0x656c (size before relaxing)
 .debug_str     0x00000000000080ea      0x1bb ./Drivers/Src/spi.o
                                       0x65ae (size before relaxing)
 .debug_str     0x00000000000082a5       0x40 ./Src/bmp280.o
                                       0x6331 (size before relaxing)
 .debug_str     0x00000000000082e5     0x40bc ./Src/main.o
                                       0xa7cd (size before relaxing)
 .debug_str     0x000000000000c3a1       0x31 ./Startup/startup_stm32f103c8tx.o
                                         0x87 (size before relaxing)

.comment        0x0000000000000000       0x50
 .comment       0x0000000000000000       0x50 ./Drivers/Src/Clk.o
                                         0x51 (size before relaxing)
 .comment       0x0000000000000050       0x51 ./Drivers/Src/DMA.o
 .comment       0x0000000000000050       0x51 ./Drivers/Src/GPIO.o
 .comment       0x0000000000000050       0x51 ./Drivers/Src/I2C.o
 .comment       0x0000000000000050       0x51 ./Drivers/Src/System.o
 .comment       0x0000000000000050       0x51 ./Drivers/Src/Timer.o
 .comment       0x0000000000000050       0x51 ./Drivers/Src/UART.o
 .comment       0x0000000000000050       0x51 ./Drivers/Src/common.o
 .comment       0x0000000000000050       0x51 ./Drivers/Src/spi.o
 .comment       0x0000000000000050       0x51 ./Src/bmp280.o
 .comment       0x0000000000000050       0x51 ./Src/main.o

.debug_frame    0x0000000000000000     0x118c
 .debug_frame   0x0000000000000000      0x200 ./Drivers/Src/Clk.o
 .debug_frame   0x0000000000000200      0x190 ./Drivers/Src/DMA.o
 .debug_frame   0x0000000000000390      0x180 ./Drivers/Src/GPIO.o
 .debug_frame   0x0000000000000510      0x30c ./Drivers/Src/I2C.o
 .debug_frame   0x000000000000081c       0x38 ./Drivers/Src/System.o
 .debug_frame   0x0000000000000854       0xf4 ./Drivers/Src/Timer.o
 .debug_frame   0x0000000000000948      0x358 ./Drivers/Src/UART.o
 .debug_frame   0x0000000000000ca0       0x50 ./Drivers/Src/common.o
 .debug_frame   0x0000000000000cf0      0x144 ./Drivers/Src/spi.o
 .debug_frame   0x0000000000000e34       0x5c ./Src/bmp280.o
 .debug_frame   0x0000000000000e90       0x30 ./Src/main.o
 .debug_frame   0x0000000000000ec0       0x2c c:/st/stm32cubeide_1.9.0/stm32cubeide/plugins/com.st.stm32cube.ide.mcu.externaltools.gnu-tools-for-stm32.10.3-2021.10.win32_1.0.0.202111181127/tools/bin/../lib/gcc/arm-none-eabi/10.3.1/../../../../arm-none-eabi/lib/thumb/v7-m/nofp\libc_nano.a(lib_a-init.o)
 .debug_frame   0x0000000000000eec       0x24 c:/st/stm32cubeide_1.9.0/stm32cubeide/plugins/com.st.stm32cube.ide.mcu.externaltools.gnu-tools-for-stm32.10.3-2021.10.win32_1.0.0.202111181127/tools/bin/../lib/gcc/arm-none-eabi/10.3.1/thumb/v7-m/nofp\libgcc.a(_arm_mulsf3.o)
 .debug_frame   0x0000000000000f10       0xac c:/st/stm32cubeide_1.9.0/stm32cubeide/plugins/com.st.stm32cube.ide.mcu.externaltools.gnu-tools-for-stm32.10.3-2021.10.win32_1.0.0.202111181127/tools/bin/../lib/gcc/arm-none-eabi/10.3.1/thumb/v7-m/nofp\libgcc.a(_arm_addsubdf3.o)
 .debug_frame   0x0000000000000fbc       0x50 c:/st/stm32cubeide_1.9.0/stm32cubeide/plugins/com.st.stm32cube.ide.mcu.externaltools.gnu-tools-for-stm32.10.3-2021.10.win32_1.0.0.202111181127/tools/bin/../lib/gcc/arm-none-eabi/10.3.1/thumb/v7-m/nofp\libgcc.a(_arm_muldivdf3.o)
 .debug_frame   0x000000000000100c       0x24 c:/st/stm32cubeide_1.9.0/stm32cubeide/plugins/com.st.stm32cube.ide.mcu.externaltools.gnu-tools-for-stm32.10.3-2021.10.win32_1.0.0.202111181127/tools/bin/../lib/gcc/arm-none-eabi/10.3.1/thumb/v7-m/nofp\libgcc.a(_arm_truncdfsf2.o)
 .debug_frame   0x0000000000001030       0x4c c:/st/stm32cubeide_1.9.0/stm32cubeide/plugins/com.st.stm32cube.ide.mcu.externaltools.gnu-tools-for-stm32.10.3-2021.10.win32_1.0.0.202111181127/tools/bin/../lib/gcc/arm-none-eabi/10.3.1/thumb/v7-m/nofp\libgcc.a(_arm_addsubsf3.o)
 .debug_frame   0x000000000000107c       0xc8 c:/st/stm32cubeide_1.9.0/stm32cubeide/plugins/com.st.stm32cube.ide.mcu.externaltools.gnu-tools-for-stm32.10.3-2021.10.win32_1.0.0.202111181127/tools/bin/../lib/gcc/arm-none-eabi/10.3.1/thumb/v7-m/nofp\libgcc.a(_arm_cmpsf2.o)
 .debug_frame   0x0000000000001144       0x24 c:/st/stm32cubeide_1.9.0/stm32cubeide/plugins/com.st.stm32cube.ide.mcu.externaltools.gnu-tools-for-stm32.10.3-2021.10.win32_1.0.0.202111181127/tools/bin/../lib/gcc/arm-none-eabi/10.3.1/thumb/v7-m/nofp\libgcc.a(_arm_fixsfsi.o)
 .debug_frame   0x0000000000001168       0x24 c:/st/stm32cubeide_1.9.0/stm32cubeide/plugins/com.st.stm32cube.ide.mcu.externaltools.gnu-tools-for-stm32.10.3-2021.10.win32_1.0.0.202111181127/tools/bin/../lib/gcc/arm-none-eabi/10.3.1/thumb/v7-m/nofp\libgcc.a(_arm_fixunssfsi.o)
