../Drivers/Src/Clk.c:42:6:clock_init	8	static
../Drivers/Src/Clk.c:76:9:system_clock_set	24	static
../Drivers/Src/Clk.c:115:9:get_system_clock	16	static
../Drivers/Src/Clk.c:136:9:pll_clk_config	16	static
../Drivers/Src/Clk.c:157:6:ahb_clk_set	16	static
../Drivers/Src/Clk.c:175:6:apb1_clk_set	16	static
../Drivers/Src/Clk.c:195:6:apb2_clk_set	16	static
../Drivers/Src/Clk.c:211:6:apb2_peripheral_clock_en	16	static
../Drivers/Src/Clk.c:230:6:apb1_peripheral_clock_en	16	static
../Drivers/Src/Clk.c:236:6:ahb_peripheral_clock_en	16	static
../Drivers/Src/Clk.c:253:10:apb_get_clock	40	static
../Drivers/Src/Clk.c:328:10:get_pll_clock	24	static
