../Drivers/Src/GPIO.c:28:16:io_port	16	static
../Drivers/Src/GPIO.c:33:16:io_pin_bit	16	static
../Drivers/Src/GPIO.c:38:6:delay	16	static
../Drivers/Src/GPIO.c:99:6:io_interrupt_config	24	static
../Drivers/Src/GPIO.c:124:6:io_init	16	static
../Drivers/Src/GPIO.c:132:6:io_config	16	static
../Drivers/Src/GPIO.c:137:6:io_set_io_mode	32	static
../Drivers/Src/GPIO.c:167:6:io_set_out	24	static
../Drivers/Src/GPIO.c:180:6:io_toggle	24	static
../Drivers/Src/GPIO.c:186:10:io_get_in	32	static
../Drivers/Src/GPIO.c:193:6:EXTI4_IRQHandler	8	static
