../Drivers/Src/I2C.c:44:6:i2cx_init	16	static
../Drivers/Src/I2C.c:102:6:send_start	16	static
../Drivers/Src/I2C.c:113:6:write_7_bit_device_address	16	static
../Drivers/Src/I2C.c:118:6:write_data	16	static
../Drivers/Src/I2C.c:124:6:send_stop	16	static
../Drivers/Src/I2C.c:129:6:i2c_byte_write_polling	24	static
../Drivers/Src/I2C.c:151:9:get_flag_status_sr1	16	static
../Drivers/Src/I2C.c:164:9:get_flag_status_sr2	16	static
../Drivers/Src/I2C.c:177:6:i2c_ack_en	16	static
../Drivers/Src/I2C.c:182:6:i2c_ack_di	16	static
../Drivers/Src/I2C.c:187:6:clear_addr_bit	24	static
../Drivers/Src/I2C.c:195:9:i2cx_read_data_register	16	static
../Drivers/Src/I2C.c:200:6:i2cx_en	16	static
../Drivers/Src/I2C.c:205:6:i2cx_di	16	static
../Drivers/Src/I2C.c:210:6:send_repeated_start	16	static
../Drivers/Src/I2C.c:218:6:single_byte_receive_operation	16	static
../Drivers/Src/I2C.c:223:6:waite_for_sr1_flag_to_set	16	static
../Drivers/Src/I2C.c:229:6:I2C2_EV_IRQHandler	16	static
../Drivers/Src/I2C.c:288:6:i2c2_buffer_interrupt_handling	8	static
../Drivers/Src/I2C.c:371:6:i2cx_reset	16	static
