../Drivers/Src/UART.c:31:6:uart_x_configure_parameter	16	static
../Drivers/Src/UART.c:47:6:usart_init	16	static
../Drivers/Src/UART.c:70:6:usart_set_baudrate	48	static
../Drivers/Src/UART.c:100:6:uart_send_string	16	static
../Drivers/Src/UART.c:106:6:uart_sent_uint	16	static
../Drivers/Src/UART.c:111:6:usart_write_polling	16	static
../Drivers/Src/UART.c:157:6:usart_read	32	static
../Drivers/Src/UART.c:204:6:usart_en	16	static
../Drivers/Src/UART.c:209:6:config_stop_bit	16	static
../Drivers/Src/UART.c:215:6:config_data_word_len	16	static
../Drivers/Src/UART.c:220:6:config_parity	16	static
../Drivers/Src/UART.c:232:6:config_mode	16	static
../Drivers/Src/UART.c:247:9:get_flag_status	16	static
../Drivers/Src/UART.c:259:6:usart_interrupt_based_transmit	16	static
../Drivers/Src/UART.c:265:6:usart_write_interrupt	16	static
../Drivers/Src/UART.c:271:6:usart_read_interrupt	24	static
../Drivers/Src/UART.c:282:6:register_uart_callback	16	static
../Drivers/Src/UART.c:287:6:usart_interrupt_handling	24	static
../Drivers/Src/UART.c:413:6:usart_tx_en	16	static
../Drivers/Src/UART.c:418:6:usart_rx_en	16	static
../Drivers/Src/UART.c:423:6:usart_tx_di	16	static
../Drivers/Src/UART.c:428:6:usart_rx_di	16	static
../Drivers/Src/UART.c:433:6:usart_dma_mode_en_di	16	static
../Drivers/Src/UART.c:451:6:dma_based_usart_transmission	24	static
../Drivers/Src/UART.c:462:6:USART2_IRQHandler	8	static
