../Drivers/Src/UART.c:26:6:uart_x_configure_parameter	16	static
../Drivers/Src/UART.c:42:6:usart_init	16	static
../Drivers/Src/UART.c:65:6:usart_set_baudrate	48	static
../Drivers/Src/UART.c:95:6:uart_send_string	16	static
../Drivers/Src/UART.c:101:6:uart_sent_uint	16	static
../Drivers/Src/UART.c:106:6:usart_write_polling	16	static
../Drivers/Src/UART.c:152:6:usart_read	24	static
../Drivers/Src/UART.c:192:6:usart_en	16	static
../Drivers/Src/UART.c:197:6:config_stop_bit	16	static
../Drivers/Src/UART.c:203:6:config_data_word_len	16	static
../Drivers/Src/UART.c:208:6:config_parity	16	static
../Drivers/Src/UART.c:220:6:config_mode	16	static
../Drivers/Src/UART.c:235:9:get_flag_status	16	static
../Drivers/Src/UART.c:247:6:usart_interrupt_based_transmit	16	static
../Drivers/Src/UART.c:253:6:usart_write_interrupt	16	static
../Drivers/Src/UART.c:259:6:usart_read_interrupt	16	static
../Drivers/Src/UART.c:269:6:usart_interrupt_handling	24	static
../Drivers/Src/UART.c:359:6:usart_tx_en	16	static
../Drivers/Src/UART.c:364:6:usart_rx_en	16	static
../Drivers/Src/UART.c:369:6:usart_tx_di	16	static
../Drivers/Src/UART.c:374:6:usart_rx_di	16	static
../Drivers/Src/UART.c:379:6:usart_dma_mode_en_di	16	static
../Drivers/Src/UART.c:397:6:dma_based_usart_transmission	24	static
../Drivers/Src/UART.c:408:6:USART2_IRQHandler	8	static
